LTspice 26.0.2 for MacOS
Circuit: /private/var/folders/7r/frnl9vtn153bhbn6cgk07_2m0000gn/T/cwht-lts.aqSYID/keying_a4_sweep1.cir
Start Time: Mon Sep 28 21:19:51 2026
Options:reltol=1e-4

.step run=1
solver = Normal
Maximum thread count: 14
tnom = 27
temp = 27
method = trap
reltol = 0.0001
Direct Newton iteration succeeded in finding operating point.

.step run=2
Direct Newton iteration succeeded in finding operating point.

.step run=3
Direct Newton iteration succeeded in finding operating point.

.step run=4
Direct Newton iteration succeeded in finding operating point.

.step run=5
Direct Newton iteration succeeded in finding operating point.

.step run=6
Direct Newton iteration succeeded in finding operating point.

.step run=7
Direct Newton iteration succeeded in finding operating point.

.step run=8
Direct Newton iteration succeeded in finding operating point.

.step run=9
Direct Newton iteration succeeded in finding operating point.

.step run=10
Direct Newton iteration succeeded in finding operating point.

.step run=11
Direct Newton iteration succeeded in finding operating point.

.step run=12
Direct Newton iteration succeeded in finding operating point.

.step run=13
Direct Newton iteration succeeded in finding operating point.

.step run=14
Direct Newton iteration succeeded in finding operating point.

.step run=15
Direct Newton iteration succeeded in finding operating point.

.step run=16
Direct Newton iteration succeeded in finding operating point.

.step run=17
Direct Newton iteration succeeded in finding operating point.

.step run=18
Direct Newton iteration succeeded in finding operating point.

.step run=19
Direct Newton iteration succeeded in finding operating point.

.step run=20
Direct Newton iteration succeeded in finding operating point.

.step run=21
Direct Newton iteration succeeded in finding operating point.

.step run=22
Direct Newton iteration succeeded in finding operating point.

.step run=23
Direct Newton iteration succeeded in finding operating point.

.step run=24
Direct Newton iteration succeeded in finding operating point.

.step run=25
Direct Newton iteration succeeded in finding operating point.

.step run=26
Direct Newton iteration succeeded in finding operating point.

.step run=27
Direct Newton iteration succeeded in finding operating point.

.step run=28
Direct Newton iteration succeeded in finding operating point.

.step run=29
Direct Newton iteration succeeded in finding operating point.

.step run=30
Direct Newton iteration succeeded in finding operating point.

.step run=31
Direct Newton iteration succeeded in finding operating point.

.step run=32
Direct Newton iteration succeeded in finding operating point.

.step run=33
Direct Newton iteration succeeded in finding operating point.

.step run=34
Direct Newton iteration succeeded in finding operating point.

.step run=35
Direct Newton iteration succeeded in finding operating point.

.step run=36
Direct Newton iteration succeeded in finding operating point.

.step run=37
Direct Newton iteration succeeded in finding operating point.

.step run=38
Direct Newton iteration succeeded in finding operating point.

.step run=39
Direct Newton iteration succeeded in finding operating point.

.step run=40
Direct Newton iteration succeeded in finding operating point.

.step run=41
Direct Newton iteration succeeded in finding operating point.

.step run=42
Direct Newton iteration succeeded in finding operating point.

.step run=43
Direct Newton iteration succeeded in finding operating point.

.step run=44
Direct Newton iteration succeeded in finding operating point.

.step run=45
Direct Newton iteration succeeded in finding operating point.

.step run=46
Direct Newton iteration succeeded in finding operating point.

.step run=47
Direct Newton iteration succeeded in finding operating point.

.step run=48
Direct Newton iteration succeeded in finding operating point.

.step run=49
Direct Newton iteration succeeded in finding operating point.

.step run=50
Direct Newton iteration succeeded in finding operating point.

.step run=51
Direct Newton iteration succeeded in finding operating point.

.step run=52
Direct Newton iteration succeeded in finding operating point.

.step run=53
Direct Newton iteration succeeded in finding operating point.

.step run=54
Direct Newton iteration succeeded in finding operating point.

.step run=55
Direct Newton iteration succeeded in finding operating point.

.step run=56
Direct Newton iteration succeeded in finding operating point.

.step run=57
Direct Newton iteration succeeded in finding operating point.

.step run=58
Direct Newton iteration succeeded in finding operating point.

.step run=59
Direct Newton iteration succeeded in finding operating point.

.step run=60
Direct Newton iteration succeeded in finding operating point.

.step run=61
Direct Newton iteration succeeded in finding operating point.

.step run=62
Direct Newton iteration succeeded in finding operating point.

.step run=63
Direct Newton iteration succeeded in finding operating point.

.step run=64
Direct Newton iteration succeeded in finding operating point.

.step run=65
Direct Newton iteration succeeded in finding operating point.

.step run=66
Direct Newton iteration succeeded in finding operating point.

.step run=67
Direct Newton iteration succeeded in finding operating point.

.step run=68
Direct Newton iteration succeeded in finding operating point.

.step run=69
Direct Newton iteration succeeded in finding operating point.

.step run=70
Direct Newton iteration succeeded in finding operating point.

.step run=71
Direct Newton iteration succeeded in finding operating point.

.step run=72
Direct Newton iteration succeeded in finding operating point.

.step run=73
Direct Newton iteration succeeded in finding operating point.

.step run=74
Direct Newton iteration succeeded in finding operating point.

.step run=75
Direct Newton iteration succeeded in finding operating point.

.step run=76
Direct Newton iteration succeeded in finding operating point.

.step run=77
Direct Newton iteration succeeded in finding operating point.

.step run=78
Direct Newton iteration succeeded in finding operating point.

.step run=79
Direct Newton iteration succeeded in finding operating point.

.step run=80
Direct Newton iteration succeeded in finding operating point.

.step run=81
Direct Newton iteration succeeded in finding operating point.

.step run=82
Direct Newton iteration succeeded in finding operating point.

.step run=83
Direct Newton iteration succeeded in finding operating point.

.step run=84
Direct Newton iteration succeeded in finding operating point.

.step run=85
Direct Newton iteration succeeded in finding operating point.

.step run=86
Direct Newton iteration succeeded in finding operating point.

.step run=87
Direct Newton iteration succeeded in finding operating point.

.step run=88
Direct Newton iteration succeeded in finding operating point.

.step run=89
Direct Newton iteration succeeded in finding operating point.

.step run=90
Direct Newton iteration succeeded in finding operating point.

.step run=91
Direct Newton iteration succeeded in finding operating point.

.step run=92
Direct Newton iteration succeeded in finding operating point.

.step run=93
Direct Newton iteration succeeded in finding operating point.

.step run=94
Direct Newton iteration succeeded in finding operating point.

.step run=95
Direct Newton iteration succeeded in finding operating point.

.step run=96
Direct Newton iteration succeeded in finding operating point.

.step run=97
Direct Newton iteration succeeded in finding operating point.

.step run=98
Direct Newton iteration succeeded in finding operating point.

.step run=99
Direct Newton iteration succeeded in finding operating point.

.step run=100
Direct Newton iteration succeeded in finding operating point.

.step run=101
Direct Newton iteration succeeded in finding operating point.

.step run=102
Direct Newton iteration succeeded in finding operating point.

.step run=103
Direct Newton iteration succeeded in finding operating point.

.step run=104
Direct Newton iteration succeeded in finding operating point.

.step run=105
Direct Newton iteration succeeded in finding operating point.

.step run=106
Direct Newton iteration succeeded in finding operating point.

.step run=107
Direct Newton iteration succeeded in finding operating point.

.step run=108
Direct Newton iteration succeeded in finding operating point.

.step run=109
Direct Newton iteration succeeded in finding operating point.

.step run=110
Direct Newton iteration succeeded in finding operating point.

.step run=111
Direct Newton iteration succeeded in finding operating point.

.step run=112
Direct Newton iteration succeeded in finding operating point.

.step run=113
Direct Newton iteration succeeded in finding operating point.

.step run=114
Direct Newton iteration succeeded in finding operating point.

.step run=115
Direct Newton iteration succeeded in finding operating point.

.step run=116
Direct Newton iteration succeeded in finding operating point.

.step run=117
Direct Newton iteration succeeded in finding operating point.

.step run=118
Direct Newton iteration succeeded in finding operating point.

.step run=119
Direct Newton iteration succeeded in finding operating point.

.step run=120
Direct Newton iteration succeeded in finding operating point.

.step run=121
Direct Newton iteration succeeded in finding operating point.

.step run=122
Direct Newton iteration succeeded in finding operating point.

.step run=123
Direct Newton iteration succeeded in finding operating point.

.step run=124
Direct Newton iteration succeeded in finding operating point.

.step run=125
Direct Newton iteration succeeded in finding operating point.

.step run=126
Direct Newton iteration succeeded in finding operating point.

.step run=127
Direct Newton iteration succeeded in finding operating point.

.step run=128
Direct Newton iteration succeeded in finding operating point.

.step run=129
Direct Newton iteration succeeded in finding operating point.

.step run=130
Direct Newton iteration succeeded in finding operating point.

.step run=131
Direct Newton iteration succeeded in finding operating point.

.step run=132
Direct Newton iteration succeeded in finding operating point.

.step run=133
Direct Newton iteration succeeded in finding operating point.

.step run=134
Direct Newton iteration succeeded in finding operating point.

.step run=135
Direct Newton iteration succeeded in finding operating point.

.step run=136
Direct Newton iteration succeeded in finding operating point.

.step run=137
Direct Newton iteration succeeded in finding operating point.

.step run=138
Direct Newton iteration succeeded in finding operating point.

.step run=139
Direct Newton iteration succeeded in finding operating point.

.step run=140
Direct Newton iteration succeeded in finding operating point.

.step run=141
Direct Newton iteration succeeded in finding operating point.

.step run=142
Direct Newton iteration succeeded in finding operating point.

.step run=143
Direct Newton iteration succeeded in finding operating point.

.step run=144
Direct Newton iteration succeeded in finding operating point.

.step run=145
Direct Newton iteration succeeded in finding operating point.

.step run=146
Direct Newton iteration succeeded in finding operating point.

.step run=147
Direct Newton iteration succeeded in finding operating point.

.step run=148
Direct Newton iteration succeeded in finding operating point.

.step run=149
Direct Newton iteration succeeded in finding operating point.

.step run=150
Direct Newton iteration succeeded in finding operating point.

.step run=151
Direct Newton iteration succeeded in finding operating point.

.step run=152
Direct Newton iteration succeeded in finding operating point.

.step run=153
Direct Newton iteration succeeded in finding operating point.

.step run=154
Direct Newton iteration succeeded in finding operating point.

.step run=155
Direct Newton iteration succeeded in finding operating point.

.step run=156
Direct Newton iteration succeeded in finding operating point.
Total elapsed time: 28.324 seconds.

Files loaded:
/private/var/folders/7r/frnl9vtn153bhbn6cgk07_2m0000gn/T/cwht-lts.aqSYID/keying_a4_sweep1.cir

