LTspice 26.0.2 for MacOS
Circuit: /private/var/folders/7r/frnl9vtn153bhbn6cgk07_2m0000gn/T/cwht-lts.KUIJpO/tstep_a5_bpf.cir
Start Time: Tue Sep 29 15:41:10 2026
Options:plotwinsize=0

.step idx=0
solver = Normal
Maximum thread count: 14
tnom = 27
temp = 27
method = trap
Cs1: Increased Cpar to 7.5e-18
Cr1: Increased Cpar to 1.6e-17
Cc: Increased Cpar to 2.4e-18
Cr2: Increased Cpar to 1.6e-17
Cs2: Increased Cpar to 7.5e-18
Direct Newton iteration succeeded in finding operating point.

.step idx=1
Direct Newton iteration succeeded in finding operating point.

.step idx=2
Direct Newton iteration succeeded in finding operating point.

.step idx=3
Direct Newton iteration succeeded in finding operating point.

.step idx=4
Direct Newton iteration succeeded in finding operating point.

.step idx=5
Direct Newton iteration succeeded in finding operating point.

.step idx=6
Direct Newton iteration succeeded in finding operating point.

.step idx=7
Direct Newton iteration succeeded in finding operating point.

.step idx=8
Direct Newton iteration succeeded in finding operating point.

.step idx=9
Direct Newton iteration succeeded in finding operating point.

.step idx=10
Direct Newton iteration succeeded in finding operating point.

.step idx=11
Direct Newton iteration succeeded in finding operating point.

.step idx=12
Direct Newton iteration succeeded in finding operating point.

.step idx=13
Direct Newton iteration succeeded in finding operating point.

.step idx=14
Direct Newton iteration succeeded in finding operating point.
Total elapsed time: 2.945 seconds.

Files loaded:
/private/var/folders/7r/frnl9vtn153bhbn6cgk07_2m0000gn/T/cwht-lts.KUIJpO/tstep_a5_bpf.cir

