LTspice 26.0.2 for MacOS
Circuit: /private/var/folders/7r/frnl9vtn153bhbn6cgk07_2m0000gn/T/cwht-lts.XzDmkW/halfif_ring.net
Start Time: Mon Sep 28 18:15:42 2026
Options:plotwinsize=0 numdgt=15 reltol=1e-6 abstol=1e-15 vntol=1e-9

.step run=1
solver = Normal
Maximum thread count: 14
tnom = 27
temp = 27
method = trap
abstol = 1e-15
reltol = 1e-06
volttol = 1e-09
Direct Newton iteration succeeded in finding operating point.

.step run=2
Direct Newton iteration succeeded in finding operating point.

.step run=3
Direct Newton iteration succeeded in finding operating point.

.step run=4
Direct Newton iteration succeeded in finding operating point.

.step run=5
Direct Newton iteration succeeded in finding operating point.

.step run=6
Direct Newton iteration succeeded in finding operating point.

.step run=7
Direct Newton iteration succeeded in finding operating point.

.step run=8
Direct Newton iteration succeeded in finding operating point.

.step run=9
Direct Newton iteration succeeded in finding operating point.

.step run=10
Direct Newton iteration succeeded in finding operating point.

.step run=11
Direct Newton iteration succeeded in finding operating point.

.step run=12
Direct Newton iteration succeeded in finding operating point.

.step run=13
Direct Newton iteration succeeded in finding operating point.

.step run=14
Direct Newton iteration succeeded in finding operating point.

.step run=15
Direct Newton iteration succeeded in finding operating point.

.step run=16
Direct Newton iteration succeeded in finding operating point.

.step run=17
Direct Newton iteration succeeded in finding operating point.

.step run=18
Direct Newton iteration succeeded in finding operating point.

.step run=19
Direct Newton iteration succeeded in finding operating point.

.step run=20
Direct Newton iteration succeeded in finding operating point.

.step run=21
Direct Newton iteration succeeded in finding operating point.

.step run=22
Direct Newton iteration succeeded in finding operating point.

.step run=23
Direct Newton iteration succeeded in finding operating point.
Total elapsed time: 9.917 seconds.

Files loaded:
/private/var/folders/7r/frnl9vtn153bhbn6cgk07_2m0000gn/T/cwht-lts.XzDmkW/halfif_ring.net

