LTspice 26.0.2 for MacOS
Circuit: /private/var/folders/7r/frnl9vtn153bhbn6cgk07_2m0000gn/T/cwht-lts.aVW6uY/lpf_r1.cir
Start Time: Mon Sep 28 19:53:06 2026
solver = Normal
Maximum thread count: 14
tnom = 27
temp = 27
method = trap
.OP point found by inspection.
.OP point found by inspection.
Total elapsed time: 0.097 seconds.

Files loaded:
/private/var/folders/7r/frnl9vtn153bhbn6cgk07_2m0000gn/T/cwht-lts.aVW6uY/lpf_r1.cir

s21_i_146: V(out_i) =(-0.0939163911407dB,46.3553162178°) at 146000000
s21_i_148: V(out_i) =(-0.0996068238672dB,40.3385403321°) at 148000000
s21_i_288: V(out_i) =(-47.9164551545dB,153.943426656°) at 288000000
s21_i_432: V(out_i) =(-75.9666391445dB,129.182963325°) at 432000000
s21_b_146: V(out_b) =(-0.00388726229003dB,49.5219453852°) at 146000000
s21_b_148: V(out_b) =(-0.00466620162292dB,43.4128308119°) at 148000000
s21_b_288: V(out_b) =(-47.1687578482dB,156.543544008°) at 288000000
s21_b_432: V(out_b) =(-75.2274192222dB,130.652539963°) at 432000000
s21_c_146: V(out_c) =(-0.655625010403dB,28.421176407°) at 146000000
s21_c_148: V(out_c) =(-0.699116813766dB,20.8262634326°) at 148000000
s21_c_288: V(out_c) =(-58.7956366296dB,150.501976373°) at 288000000
s21_c_432: V(out_c) =(-87.0144295144dB,-61.9419046286°) at 432000000
s21_w_146: V(out_w) =(-0.464064919262dB,30.0366860309°) at 146000000
s21_w_148: V(out_w) =(-0.491403555401dB,22.7086686573°) at 148000000
s21_w_288: V(out_w) =(-57.4305582034dB,149.889245077°) at 288000000
s21_w_432: V(out_w) =(-84.8557279512dB,-62.1725188306°) at 432000000
