LTspice 26.0.2 for MacOS
Circuit: /private/var/folders/7r/frnl9vtn153bhbn6cgk07_2m0000gn/T/cwht-lts.zo6TQN/bpf_2p3p3_bw6_leak.net
Start Time: Mon Sep 28 17:53:41 2026
Options:plotwinsize=0 numdgt=15

.step cst=3e-15 sgn=-1
solver = Normal
Maximum thread count: 14
tnom = 27
temp = 27
method = trap
.OP point found by inspection.
.OP point found by inspection.

.step cst=1e-14 sgn=-1
.OP point found by inspection.
.OP point found by inspection.

.step cst=3e-14 sgn=-1
.OP point found by inspection.
.OP point found by inspection.

.step cst=1e-13 sgn=-1
.OP point found by inspection.
.OP point found by inspection.

.step cst=3e-15 sgn=1
.OP point found by inspection.
.OP point found by inspection.

.step cst=1e-14 sgn=1
.OP point found by inspection.
.OP point found by inspection.

.step cst=3e-14 sgn=1
.OP point found by inspection.
.OP point found by inspection.

.step cst=1e-13 sgn=1
.OP point found by inspection.
.OP point found by inspection.
Total elapsed time: 0.135 seconds.

Files loaded:
/private/var/folders/7r/frnl9vtn153bhbn6cgk07_2m0000gn/T/cwht-lts.zo6TQN/bpf_2p3p3_bw6_leak.net

