LTspice 26.0.2 for MacOS
Circuit: /private/var/folders/7r/frnl9vtn153bhbn6cgk07_2m0000gn/T/cwht-lts.iiujkd/det_char.cir
Start Time: Mon Sep 28 17:50:48 2026
Options:method=gear

.step a=0.05
solver = Normal
Maximum thread count: 14
tnom = 27
temp = 27
method = Gear
.OP point found by inspection.
.OP point found by inspection.

.step a=0.1
.OP point found by inspection.
.OP point found by inspection.

.step a=0.2
.OP point found by inspection.
.OP point found by inspection.

.step a=0.35
.OP point found by inspection.
.OP point found by inspection.

.step a=0.6
.OP point found by inspection.
.OP point found by inspection.

.step a=1
.OP point found by inspection.
.OP point found by inspection.

.step a=1.7
.OP point found by inspection.
.OP point found by inspection.

.step a=3
.OP point found by inspection.
.OP point found by inspection.

.step a=5
.OP point found by inspection.
.OP point found by inspection.

.step a=9
.OP point found by inspection.
.OP point found by inspection.

.step a=15
.OP point found by inspection.
.OP point found by inspection.

.step a=22.36
.OP point found by inspection.
.OP point found by inspection.

.step a=28
.OP point found by inspection.
.OP point found by inspection.
Total elapsed time: 2.395 seconds.

Files loaded:
/private/var/folders/7r/frnl9vtn153bhbn6cgk07_2m0000gn/T/cwht-lts.iiujkd/det_char.cir


Measurement: vdet
  step	AVG(V(det) )	FROM	TO
     1	4.87137333238e-06	4e-06	5e-06
     2	1.95321299027e-05	4e-06	5e-06
     3	7.88444642955e-05	4e-06	5e-06
     4	0.000247493984125	4e-06	5e-06
     5	0.000779085097036	4e-06	5e-06
     6	0.00256096899799	4e-06	5e-06
     7	0.0106159267076	4e-06	5e-06
     8	0.0494127640339	4e-06	5e-06
     9	0.146371257715	4e-06	5e-06
    10	0.380621701463	4e-06	5e-06
    11	0.760293535405	4e-06	5e-06
    12	1.24207909877	4e-06	5e-06
    13	1.61702868342	4e-06	5e-06
