LTspice 26.0.2 for MacOS
Circuit: /private/var/folders/7r/frnl9vtn153bhbn6cgk07_2m0000gn/T/cwht-lts.8SNr2A/power_a5.cir
Start Time: Mon Sep 28 19:28:05 2026
solver = Normal
Maximum thread count: 14
tnom = 27
temp = 27
method = trap
.step idx=0
.step idx=1
.step idx=2
.step idx=3
.step idx=4
.step idx=5
.step idx=6
.step idx=7
.step idx=8
.step idx=9
.step idx=10
.step idx=11
.step idx=12
.step idx=13
.step idx=14
.step idx=15
.step idx=16
.step idx=17
.step idx=18
.step idx=19
.step idx=20
.step idx=21
.step idx=22
.step idx=23
.step idx=24
.step idx=25
.step idx=26
.step idx=27
.step idx=28
.step idx=29
.step idx=30
.step idx=31
.step idx=32
.step idx=33
.step idx=34
.step idx=35
.step idx=36
.step idx=37
.step idx=38
.step idx=39
.step idx=40
.step idx=41
.step idx=42
.step idx=43
.step idx=44
.step idx=45
.step idx=46
.step idx=47
.step idx=48
.step idx=49
.step idx=50
.step idx=51
.step idx=52
.step idx=53
.step idx=54
.step idx=55
.step idx=56
.step idx=57
.step idx=58
.step idx=59
.step idx=60
.step idx=61
.step idx=62
.step idx=63
.step idx=64
.step idx=65
.step idx=66
.step idx=67
.step idx=68
.step idx=69
.step idx=70
.step idx=71
.step idx=72
.step idx=73
.step idx=74
.step idx=75
.step idx=76
.step idx=77
.step idx=78
.step idx=79
.step idx=80
.step idx=81
.step idx=82
.step idx=83
.step idx=84
.step idx=85
.step idx=86
.step idx=87
.step idx=88
.step idx=89
.step idx=90
.step idx=91
.step idx=92
.step idx=93
.step idx=94
.step idx=95
.step idx=96
.step idx=97
.step idx=98
.step idx=99
.step idx=100
.step idx=101
.step idx=102
.step idx=103
.step idx=104
.step idx=105
.step idx=106
.step idx=107
.step idx=108
.step idx=109
.step idx=110
.step idx=111
.step idx=112
.step idx=113
.step idx=114
.step idx=115
.step idx=116
.step idx=117
.step idx=118
.step idx=119
.step idx=120
.step idx=121
.step idx=122
.step idx=123
.step idx=124
.step idx=125
.step idx=126
.step idx=127
.step idx=128
.step idx=129
.step idx=130
.step idx=131
.step idx=132
.step idx=133
.step idx=134
.step idx=135
.step idx=136
.step idx=137
.step idx=138
.step idx=139
.step idx=140
.step idx=141
.step idx=142
.step idx=143
.step idx=144
.step idx=145
.step idx=146
.step idx=147
.step idx=148
.step idx=149
.step idx=150
.step idx=151
.step idx=152
.step idx=153
.step idx=154
.step idx=155
.step idx=156
.step idx=157
.step idx=158
.step idx=159
.step idx=160
.step idx=161
.step idx=162
.step idx=163
.step idx=164
.step idx=165
.step idx=166
.step idx=167
.step idx=168
.step idx=169
.step idx=170
.step idx=171
.step idx=172
.step idx=173
.step idx=174
.step idx=175
.step idx=176
.step idx=177
.step idx=178
.step idx=179
.step idx=180
.step idx=181
.step idx=182
.step idx=183
.step idx=184
.step idx=185
.step idx=186
.step idx=187
.step idx=188
.step idx=189
.step idx=190
.step idx=191
.step idx=192
.step idx=193
.step idx=194
.step idx=195
.step idx=196
.step idx=197
.step idx=198
.step idx=199
.step idx=200
.step idx=201
.step idx=202
.step idx=203
.step idx=204
.step idx=205
.step idx=206
.step idx=207
.step idx=208
.step idx=209
.step idx=210
.step idx=211
.step idx=212
.step idx=213
.step idx=214
.step idx=215
.step idx=216
.step idx=217
.step idx=218
.step idx=219
.step idx=220
.step idx=221
.step idx=222
.step idx=223
.step idx=224
.step idx=225
.step idx=226
.step idx=227
.step idx=228
.step idx=229
.step idx=230
.step idx=231
.step idx=232
.step idx=233
.step idx=234
.step idx=235
.step idx=236
.step idx=237
.step idx=238
.step idx=239
.step idx=240
.step idx=241
.step idx=242
.step idx=243
.step idx=244
.step idx=245
.step idx=246
.step idx=247
.step idx=248
.step idx=249
.step idx=250
.step idx=251
.step idx=252
.step idx=253
.step idx=254
.step idx=255
.step idx=256
.step idx=257
.step idx=258
.step idx=259
.step idx=260
.step idx=261
.step idx=262
.step idx=263
.step idx=264
.step idx=265
.step idx=266
.step idx=267
.step idx=268
.step idx=269
.step idx=270
.step idx=271
.step idx=272
.step idx=273
.step idx=274
.step idx=275
.step idx=276
.step idx=277
.step idx=278
.step idx=279
.step idx=280
.step idx=281
.step idx=282
.step idx=283
.step idx=284
.step idx=285
.step idx=286
.step idx=287
.step idx=288
.step idx=289
.step idx=290
.step idx=291
.step idx=292
.step idx=293
.step idx=294
.step idx=295
.step idx=296
.step idx=297
.step idx=298
.step idx=299
.step idx=300
.step idx=301
.step idx=302
.step idx=303
.step idx=304
.step idx=305
.step idx=306
.step idx=307
.step idx=308
.step idx=309
.step idx=310
.step idx=311
.step idx=312
.step idx=313
.step idx=314
.step idx=315
.step idx=316
.step idx=317
.step idx=318
.step idx=319
.step idx=320
.step idx=321
.step idx=322
.step idx=323
.step idx=324
.step idx=325
.step idx=326
.step idx=327
.step idx=328
.step idx=329
.step idx=330
.step idx=331
.step idx=332
.step idx=333
.step idx=334
.step idx=335
.step idx=336
.step idx=337
.step idx=338
.step idx=339
.step idx=340
.step idx=341
.step idx=342
.step idx=343
.step idx=344
.step idx=345
.step idx=346
.step idx=347
.step idx=348
.step idx=349
.step idx=350
.step idx=351
.step idx=352
.step idx=353
.step idx=354
.step idx=355
.step idx=356
.step idx=357
.step idx=358
.step idx=359
.step idx=360
.step idx=361
.step idx=362
.step idx=363
.step idx=364
.step idx=365
.step idx=366
.step idx=367
.step idx=368
.step idx=369
.step idx=370
.step idx=371
.step idx=372
.step idx=373
.step idx=374
.step idx=375
.step idx=376
.step idx=377
.step idx=378
.step idx=379
.step idx=380
.step idx=381
.step idx=382
.step idx=383
.step idx=384
.step idx=385
.step idx=386
.step idx=387
.step idx=388
.step idx=389
.step idx=390
.step idx=391
.step idx=392
.step idx=393
.step idx=394
.step idx=395
.step idx=396
.step idx=397
.step idx=398
.step idx=399
.step idx=400
.step idx=401
.step idx=402
.step idx=403
.step idx=404
.step idx=405
.step idx=406
.step idx=407
.step idx=408
.step idx=409
.step idx=410
.step idx=411
.step idx=412
.step idx=413
.step idx=414
.step idx=415
.step idx=416
.step idx=417
.step idx=418
.step idx=419
.step idx=420
.step idx=421
.step idx=422
.step idx=423
.step idx=424
.step idx=425
.step idx=426
.step idx=427
.step idx=428
.step idx=429
.step idx=430
.step idx=431
.step idx=432
.step idx=433
.step idx=434
.step idx=435
.step idx=436
.step idx=437
.step idx=438
.step idx=439
.step idx=440
.step idx=441
.step idx=442
.step idx=443
.step idx=444
.step idx=445
.step idx=446
.step idx=447
.step idx=448
.step idx=449
.step idx=450
.step idx=451
.step idx=452
.step idx=453
.step idx=454
.step idx=455
.step idx=456
.step idx=457
.step idx=458
.step idx=459
.step idx=460
.step idx=461
.step idx=462
.step idx=463
.step idx=464
.step idx=465
.step idx=466
.step idx=467
.step idx=468
.step idx=469
.step idx=470
.step idx=471
.step idx=472
.step idx=473
.step idx=474
.step idx=475
.step idx=476
.step idx=477
.step idx=478
.step idx=479
.step idx=480
.step idx=481
.step idx=482
.step idx=483
.step idx=484
.step idx=485
.step idx=486
.step idx=487
.step idx=488
.step idx=489
.step idx=490
.step idx=491
.step idx=492
.step idx=493
.step idx=494
.step idx=495
.step idx=496
.step idx=497
.step idx=498
.step idx=499
.step idx=500
.step idx=501
.step idx=502
.step idx=503
.step idx=504
.step idx=505
.step idx=506
.step idx=507
.step idx=508
.step idx=509
.step idx=510
.step idx=511
.step idx=512
.step idx=513
.step idx=514
.step idx=515
.step idx=516
.step idx=517
.step idx=518
.step idx=519
.step idx=520
.step idx=521
.step idx=522
.step idx=523
.step idx=524
.step idx=525
.step idx=526
.step idx=527
.step idx=528
.step idx=529
.step idx=530
.step idx=531
.step idx=532
.step idx=533
.step idx=534
.step idx=535
.step idx=536
.step idx=537
.step idx=538
.step idx=539
.step idx=540
.step idx=541
.step idx=542
.step idx=543
.step idx=544
.step idx=545
.step idx=546
.step idx=547
.step idx=548
.step idx=549
.step idx=550
.step idx=551
.step idx=552
.step idx=553
.step idx=554
.step idx=555
.step idx=556
.step idx=557
.step idx=558
.step idx=559
.step idx=560
.step idx=561
.step idx=562
.step idx=563
.step idx=564
.step idx=565
.step idx=566
.step idx=567
.step idx=568
.step idx=569
.step idx=570
.step idx=571
.step idx=572
.step idx=573
.step idx=574
.step idx=575
.step idx=576
.step idx=577
.step idx=578
.step idx=579
.step idx=580
.step idx=581
.step idx=582
.step idx=583
.step idx=584
.step idx=585
.step idx=586
.step idx=587
.step idx=588
.step idx=589
.step idx=590
.step idx=591
.step idx=592
.step idx=593
.step idx=594
.step idx=595
.step idx=596
.step idx=597
.step idx=598
.step idx=599
.step idx=600
.step idx=601
.step idx=602
.step idx=603
.step idx=604
.step idx=605
.step idx=606
.step idx=607
.step idx=608
.step idx=609
.step idx=610
.step idx=611
.step idx=612
.step idx=613
.step idx=614
.step idx=615
.step idx=616
.step idx=617
.step idx=618
.step idx=619
.step idx=620
.step idx=621
.step idx=622
.step idx=623
.step idx=624
.step idx=625
.step idx=626
.step idx=627
.step idx=628
.step idx=629
.step idx=630
.step idx=631
.step idx=632
.step idx=633
.step idx=634
.step idx=635
.step idx=636
.step idx=637
.step idx=638
.step idx=639
.step idx=640
.step idx=641
.step idx=642
.step idx=643
.step idx=644
.step idx=645
.step idx=646
.step idx=647
.step idx=648
.step idx=649
.step idx=650
.step idx=651
.step idx=652
.step idx=653
.step idx=654
.step idx=655
.step idx=656
.step idx=657
.step idx=658
.step idx=659
.step idx=660
.step idx=661
.step idx=662
.step idx=663
.step idx=664
.step idx=665
.step idx=666
.step idx=667
.step idx=668
.step idx=669
.step idx=670
.step idx=671
.step idx=672
.step idx=673
.step idx=674
.step idx=675
.step idx=676
.step idx=677
.step idx=678
.step idx=679
.step idx=680
.step idx=681
.step idx=682
.step idx=683
.step idx=684
.step idx=685
.step idx=686
.step idx=687
.step idx=688
.step idx=689
.step idx=690
.step idx=691
.step idx=692
.step idx=693
.step idx=694
.step idx=695
.step idx=696
.step idx=697
.step idx=698
.step idx=699
.step idx=700
.step idx=701
.step idx=702
.step idx=703
.step idx=704
.step idx=705
.step idx=706
.step idx=707
.step idx=708
.step idx=709
.step idx=710
.step idx=711
.step idx=712
.step idx=713
.step idx=714
.step idx=715
.step idx=716
.step idx=717
.step idx=718
.step idx=719
.step idx=720
.step idx=721
.step idx=722
.step idx=723
.step idx=724
.step idx=725
.step idx=726
.step idx=727
.step idx=728
.step idx=729
.step idx=730
.step idx=731
.step idx=732
.step idx=733
.step idx=734
.step idx=735
.step idx=736
.step idx=737
.step idx=738
.step idx=739
.step idx=740
.step idx=741
.step idx=742
.step idx=743
.step idx=744
.step idx=745
.step idx=746
.step idx=747
.step idx=748
.step idx=749
.step idx=750
.step idx=751
.step idx=752
.step idx=753
.step idx=754
.step idx=755
.step idx=756
.step idx=757
.step idx=758
.step idx=759
.step idx=760
.step idx=761
.step idx=762
.step idx=763
.step idx=764
.step idx=765
.step idx=766
.step idx=767
.step idx=768
.step idx=769
.step idx=770
.step idx=771
.step idx=772
.step idx=773
.step idx=774
.step idx=775
.step idx=776
.step idx=777
.step idx=778
.step idx=779
.step idx=780
.step idx=781
.step idx=782
.step idx=783
.step idx=784
.step idx=785
.step idx=786
.step idx=787
.step idx=788
.step idx=789
.step idx=790
.step idx=791
.step idx=792
.step idx=793
.step idx=794
.step idx=795
.step idx=796
.step idx=797
.step idx=798
.step idx=799
.step idx=800
.step idx=801
.step idx=802
.step idx=803
.step idx=804
.step idx=805
.step idx=806
.step idx=807
.step idx=808
.step idx=809
.step idx=810
.step idx=811
.step idx=812
.step idx=813
.step idx=814
.step idx=815
.step idx=816
.step idx=817
.step idx=818
.step idx=819
.step idx=820
.step idx=821
.step idx=822
.step idx=823
.step idx=824
.step idx=825
.step idx=826
.step idx=827
.step idx=828
.step idx=829
.step idx=830
.step idx=831
.step idx=832
.step idx=833
.step idx=834
.step idx=835
.step idx=836
.step idx=837
.step idx=838
.step idx=839
.step idx=840
.step idx=841
.step idx=842
.step idx=843
.step idx=844
.step idx=845
.step idx=846
.step idx=847
.step idx=848
.step idx=849
.step idx=850
.step idx=851
.step idx=852
.step idx=853
.step idx=854
.step idx=855
.step idx=856
.step idx=857
.step idx=858
.step idx=859
.step idx=860
.step idx=861
.step idx=862
.step idx=863
.step idx=864
.step idx=865
.step idx=866
.step idx=867
.step idx=868
.step idx=869
.step idx=870
.step idx=871
.step idx=872
.step idx=873
.step idx=874
.step idx=875
.step idx=876
.step idx=877
.step idx=878
.step idx=879
.step idx=880
.step idx=881
.step idx=882
.step idx=883
.step idx=884
.step idx=885
.step idx=886
.step idx=887
.step idx=888
.step idx=889
.step idx=890
.step idx=891
.step idx=892
.step idx=893
.step idx=894
.step idx=895
.step idx=896
.step idx=897
.step idx=898
.step idx=899
.step idx=900
.step idx=901
.step idx=902
.step idx=903
.step idx=904
.step idx=905
.step idx=906
.step idx=907
.step idx=908
.step idx=909
.step idx=910
.step idx=911
.step idx=912
.step idx=913
.step idx=914
.step idx=915
.step idx=916
.step idx=917
.step idx=918
.step idx=919
.step idx=920
.step idx=921
.step idx=922
.step idx=923
.step idx=924
.step idx=925
.step idx=926
.step idx=927
.step idx=928
.step idx=929
.step idx=930
.step idx=931
.step idx=932
.step idx=933
.step idx=934
.step idx=935
.step idx=936
.step idx=937
.step idx=938
.step idx=939
.step idx=940
.step idx=941
.step idx=942
.step idx=943
.step idx=944
.step idx=945
.step idx=946
.step idx=947
.step idx=948
.step idx=949
.step idx=950
.step idx=951
.step idx=952
.step idx=953
.step idx=954
.step idx=955
.step idx=956
.step idx=957
.step idx=958
.step idx=959
.step idx=960
.step idx=961
.step idx=962
.step idx=963
.step idx=964
.step idx=965
.step idx=966
.step idx=967
.step idx=968
.step idx=969
.step idx=970
.step idx=971
.step idx=972
.step idx=973
.step idx=974
.step idx=975
.step idx=976
.step idx=977
.step idx=978
.step idx=979
.step idx=980
.step idx=981
.step idx=982
.step idx=983
.step idx=984
.step idx=985
.step idx=986
.step idx=987
.step idx=988
.step idx=989
.step idx=990
.step idx=991
.step idx=992
.step idx=993
.step idx=994
.step idx=995
.step idx=996
.step idx=997
.step idx=998
.step idx=999
.step idx=1000
.step idx=1001
.step idx=1002
.step idx=1003
.step idx=1004
.step idx=1005
.step idx=1006
.step idx=1007
.step idx=1008
.step idx=1009
.step idx=1010
.step idx=1011
.step idx=1012
.step idx=1013
.step idx=1014
.step idx=1015
.step idx=1016
.step idx=1017
.step idx=1018
.step idx=1019
.step idx=1020
.step idx=1021
.step idx=1022
.step idx=1023
.step idx=1024
.step idx=1025
.step idx=1026
.step idx=1027
.step idx=1028
.step idx=1029
.step idx=1030
.step idx=1031
.step idx=1032
.step idx=1033
.step idx=1034
.step idx=1035
.step idx=1036
.step idx=1037
.step idx=1038
.step idx=1039
.step idx=1040
.step idx=1041
.step idx=1042
.step idx=1043
.step idx=1044
.step idx=1045
.step idx=1046
.step idx=1047
.step idx=1048
.step idx=1049
.step idx=1050
.step idx=1051
.step idx=1052
.step idx=1053
.step idx=1054
.step idx=1055
.step idx=1056
.step idx=1057
.step idx=1058
.step idx=1059
.step idx=1060
.step idx=1061
.step idx=1062
.step idx=1063
.step idx=1064
.step idx=1065
.step idx=1066
.step idx=1067
.step idx=1068
.step idx=1069
.step idx=1070
.step idx=1071
.step idx=1072
.step idx=1073
.step idx=1074
.step idx=1075
.step idx=1076
.step idx=1077
.step idx=1078
.step idx=1079
.step idx=1080
.step idx=1081
.step idx=1082
.step idx=1083
.step idx=1084
.step idx=1085
.step idx=1086
.step idx=1087
.step idx=1088
.step idx=1089
.step idx=1090
.step idx=1091
.step idx=1092
.step idx=1093
.step idx=1094
.step idx=1095
.step idx=1096
.step idx=1097
.step idx=1098
.step idx=1099
.step idx=1100
.step idx=1101
.step idx=1102
.step idx=1103
.step idx=1104
.step idx=1105
.step idx=1106
.step idx=1107
.step idx=1108
.step idx=1109
.step idx=1110
.step idx=1111
.step idx=1112
.step idx=1113
.step idx=1114
.step idx=1115
.step idx=1116
.step idx=1117
.step idx=1118
.step idx=1119
.step idx=1120
.step idx=1121
.step idx=1122
.step idx=1123
.step idx=1124
.step idx=1125
.step idx=1126
.step idx=1127
.step idx=1128
.step idx=1129
.step idx=1130
.step idx=1131
.step idx=1132
.step idx=1133
.step idx=1134
.step idx=1135
.step idx=1136
.step idx=1137
.step idx=1138
.step idx=1139
.step idx=1140
.step idx=1141
.step idx=1142
.step idx=1143
.step idx=1144
.step idx=1145
.step idx=1146
.step idx=1147
.step idx=1148
.step idx=1149
.step idx=1150
.step idx=1151
.step idx=1152
.step idx=1153
.step idx=1154
.step idx=1155
.step idx=1156
.step idx=1157
.step idx=1158
.step idx=1159
.step idx=1160
.step idx=1161
.step idx=1162
.step idx=1163
.step idx=1164
.step idx=1165
.step idx=1166
.step idx=1167
.step idx=1168
.step idx=1169
.step idx=1170
.step idx=1171
.step idx=1172
.step idx=1173
.step idx=1174
.step idx=1175
.step idx=1176
.step idx=1177
.step idx=1178
.step idx=1179
.step idx=1180
.step idx=1181
.step idx=1182
.step idx=1183
.step idx=1184
.step idx=1185
.step idx=1186
.step idx=1187
.step idx=1188
.step idx=1189
.step idx=1190
.step idx=1191
.step idx=1192
.step idx=1193
.step idx=1194
.step idx=1195
.step idx=1196
.step idx=1197
.step idx=1198
.step idx=1199
.step idx=1200
.step idx=1201
.step idx=1202
.step idx=1203
.step idx=1204
.step idx=1205
.step idx=1206
.step idx=1207
.step idx=1208
.step idx=1209
.step idx=1210
.step idx=1211
.step idx=1212
.step idx=1213
.step idx=1214
.step idx=1215
.step idx=1216
.step idx=1217
.step idx=1218
.step idx=1219
.step idx=1220
.step idx=1221
.step idx=1222
.step idx=1223
.step idx=1224
.step idx=1225
.step idx=1226
.step idx=1227
.step idx=1228
.step idx=1229
.step idx=1230
.step idx=1231
.step idx=1232
.step idx=1233
.step idx=1234
.step idx=1235
.step idx=1236
.step idx=1237
.step idx=1238
.step idx=1239
.step idx=1240
.step idx=1241
.step idx=1242
.step idx=1243
.step idx=1244
.step idx=1245
.step idx=1246
.step idx=1247
.step idx=1248
.step idx=1249
.step idx=1250
.step idx=1251
.step idx=1252
.step idx=1253
.step idx=1254
.step idx=1255
.step idx=1256
.step idx=1257
.step idx=1258
.step idx=1259
.step idx=1260
.step idx=1261
.step idx=1262
.step idx=1263
.step idx=1264
.step idx=1265
.step idx=1266
.step idx=1267
.step idx=1268
.step idx=1269
.step idx=1270
.step idx=1271
.step idx=1272
.step idx=1273
.step idx=1274
.step idx=1275
.step idx=1276
.step idx=1277
.step idx=1278
.step idx=1279
.step idx=1280
.step idx=1281
.step idx=1282
.step idx=1283
.step idx=1284
.step idx=1285
.step idx=1286
.step idx=1287
.step idx=1288
.step idx=1289
.step idx=1290
.step idx=1291
.step idx=1292
.step idx=1293
.step idx=1294
.step idx=1295
.step idx=1296
.step idx=1297
.step idx=1298
.step idx=1299
.step idx=1300
.step idx=1301
.step idx=1302
.step idx=1303
.step idx=1304
.step idx=1305
.step idx=1306
.step idx=1307
.step idx=1308
.step idx=1309
.step idx=1310
.step idx=1311
.step idx=1312
.step idx=1313
.step idx=1314
.step idx=1315
.step idx=1316
.step idx=1317
.step idx=1318
.step idx=1319
.step idx=1320
.step idx=1321
.step idx=1322
.step idx=1323
.step idx=1324
.step idx=1325
.step idx=1326
.step idx=1327
.step idx=1328
.step idx=1329
.step idx=1330
.step idx=1331
.step idx=1332
.step idx=1333
.step idx=1334
.step idx=1335
.step idx=1336
.step idx=1337
.step idx=1338
.step idx=1339
.step idx=1340
.step idx=1341
.step idx=1342
.step idx=1343
.step idx=1344
.step idx=1345
.step idx=1346
.step idx=1347
.step idx=1348
.step idx=1349
.step idx=1350
.step idx=1351
.step idx=1352
.step idx=1353
.step idx=1354
.step idx=1355
.step idx=1356
.step idx=1357
.step idx=1358
.step idx=1359
.step idx=1360
.step idx=1361
.step idx=1362
.step idx=1363
.step idx=1364
.step idx=1365
.step idx=1366
.step idx=1367
.step idx=1368
.step idx=1369
.step idx=1370
.step idx=1371
.step idx=1372
.step idx=1373
.step idx=1374
.step idx=1375
.step idx=1376
.step idx=1377
.step idx=1378
.step idx=1379
.step idx=1380
.step idx=1381
.step idx=1382
.step idx=1383
.step idx=1384
.step idx=1385
.step idx=1386
.step idx=1387
.step idx=1388
.step idx=1389
.step idx=1390
.step idx=1391
.step idx=1392
.step idx=1393
.step idx=1394
.step idx=1395
.step idx=1396
.step idx=1397
.step idx=1398
.step idx=1399
.step idx=1400
.step idx=1401
.step idx=1402
.step idx=1403
.step idx=1404
.step idx=1405
.step idx=1406
.step idx=1407
.step idx=1408
.step idx=1409
.step idx=1410
.step idx=1411
.step idx=1412
.step idx=1413
.step idx=1414
.step idx=1415
.step idx=1416
.step idx=1417
.step idx=1418
.step idx=1419
.step idx=1420
.step idx=1421
.step idx=1422
.step idx=1423
.step idx=1424
.step idx=1425
.step idx=1426
.step idx=1427
.step idx=1428
.step idx=1429
.step idx=1430
.step idx=1431
.step idx=1432
.step idx=1433
.step idx=1434
.step idx=1435
.step idx=1436
.step idx=1437
.step idx=1438
.step idx=1439
.step idx=1440
.step idx=1441
.step idx=1442
.step idx=1443
.step idx=1444
.step idx=1445
.step idx=1446
.step idx=1447
.step idx=1448
.step idx=1449
.step idx=1450
.step idx=1451
.step idx=1452
.step idx=1453
.step idx=1454
.step idx=1455
.step idx=1456
.step idx=1457
.step idx=1458
.step idx=1459
.step idx=1460
.step idx=1461
.step idx=1462
.step idx=1463
.step idx=1464
.step idx=1465
.step idx=1466
.step idx=1467
.step idx=1468
.step idx=1469
.step idx=1470
.step idx=1471
.step idx=1472
.step idx=1473
.step idx=1474
.step idx=1475
.step idx=1476
.step idx=1477
.step idx=1478
.step idx=1479
.step idx=1480
.step idx=1481
.step idx=1482
.step idx=1483
.step idx=1484
.step idx=1485
.step idx=1486
.step idx=1487
.step idx=1488
.step idx=1489
.step idx=1490
.step idx=1491
.step idx=1492
.step idx=1493
.step idx=1494
.step idx=1495
.step idx=1496
.step idx=1497
.step idx=1498
.step idx=1499
.step idx=1500
.step idx=1501
.step idx=1502
.step idx=1503
.step idx=1504
.step idx=1505
.step idx=1506
.step idx=1507
.step idx=1508
.step idx=1509
.step idx=1510
.step idx=1511
.step idx=1512
.step idx=1513
.step idx=1514
.step idx=1515
.step idx=1516
.step idx=1517
.step idx=1518
.step idx=1519
.step idx=1520
.step idx=1521
.step idx=1522
.step idx=1523
.step idx=1524
.step idx=1525
.step idx=1526
.step idx=1527
.step idx=1528
.step idx=1529
.step idx=1530
.step idx=1531
.step idx=1532
.step idx=1533
.step idx=1534
.step idx=1535
.step idx=1536
.step idx=1537
.step idx=1538
.step idx=1539
.step idx=1540
.step idx=1541
.step idx=1542
.step idx=1543
.step idx=1544
.step idx=1545
.step idx=1546
.step idx=1547
.step idx=1548
.step idx=1549
.step idx=1550
.step idx=1551
.step idx=1552
.step idx=1553
.step idx=1554
.step idx=1555
.step idx=1556
.step idx=1557
.step idx=1558
.step idx=1559
.step idx=1560
.step idx=1561
.step idx=1562
.step idx=1563
.step idx=1564
.step idx=1565
.step idx=1566
.step idx=1567
.step idx=1568
.step idx=1569
.step idx=1570
.step idx=1571
.step idx=1572
.step idx=1573
.step idx=1574
.step idx=1575
.step idx=1576
.step idx=1577
.step idx=1578
.step idx=1579
.step idx=1580
.step idx=1581
.step idx=1582
.step idx=1583
.step idx=1584
.step idx=1585
.step idx=1586
.step idx=1587
.step idx=1588
.step idx=1589
.step idx=1590
.step idx=1591
.step idx=1592
.step idx=1593
.step idx=1594
.step idx=1595
.step idx=1596
.step idx=1597
.step idx=1598
.step idx=1599
.step idx=1600
.step idx=1601
.step idx=1602
.step idx=1603
.step idx=1604
.step idx=1605
.step idx=1606
.step idx=1607
.step idx=1608
.step idx=1609
.step idx=1610
.step idx=1611
.step idx=1612
.step idx=1613
.step idx=1614
.step idx=1615
.step idx=1616
.step idx=1617
.step idx=1618
.step idx=1619
.step idx=1620
.step idx=1621
.step idx=1622
.step idx=1623
.step idx=1624
.step idx=1625
.step idx=1626
.step idx=1627
.step idx=1628
.step idx=1629
.step idx=1630
.step idx=1631
.step idx=1632
.step idx=1633
.step idx=1634
.step idx=1635
.step idx=1636
.step idx=1637
.step idx=1638
.step idx=1639
.step idx=1640
.step idx=1641
.step idx=1642
.step idx=1643
.step idx=1644
.step idx=1645
.step idx=1646
.step idx=1647
.step idx=1648
.step idx=1649
.step idx=1650
.step idx=1651
.step idx=1652
.step idx=1653
.step idx=1654
.step idx=1655
.step idx=1656
.step idx=1657
.step idx=1658
.step idx=1659
.step idx=1660
.step idx=1661
.step idx=1662
.step idx=1663
.step idx=1664
.step idx=1665
.step idx=1666
.step idx=1667
.step idx=1668
.step idx=1669
.step idx=1670
.step idx=1671
.step idx=1672
.step idx=1673
.step idx=1674
.step idx=1675
.step idx=1676
.step idx=1677
.step idx=1678
.step idx=1679
.step idx=1680
.step idx=1681
.step idx=1682
.step idx=1683
.step idx=1684
.step idx=1685
.step idx=1686
.step idx=1687
.step idx=1688
.step idx=1689
.step idx=1690
.step idx=1691
.step idx=1692
.step idx=1693
.step idx=1694
.step idx=1695
.step idx=1696
.step idx=1697
.step idx=1698
.step idx=1699
.step idx=1700
.step idx=1701
.step idx=1702
.step idx=1703
.step idx=1704
.step idx=1705
.step idx=1706
.step idx=1707
.step idx=1708
.step idx=1709
.step idx=1710
.step idx=1711
.step idx=1712
.step idx=1713
.step idx=1714
.step idx=1715
.step idx=1716
.step idx=1717
.step idx=1718
.step idx=1719
.step idx=1720
.step idx=1721
.step idx=1722
.step idx=1723
.step idx=1724
.step idx=1725
.step idx=1726
.step idx=1727
.step idx=1728
.step idx=1729
.step idx=1730
.step idx=1731
.step idx=1732
.step idx=1733
.step idx=1734
.step idx=1735
.step idx=1736
.step idx=1737
.step idx=1738
.step idx=1739
.step idx=1740
.step idx=1741
.step idx=1742
.step idx=1743
.step idx=1744
.step idx=1745
.step idx=1746
.step idx=1747
.step idx=1748
.step idx=1749
.step idx=1750
.step idx=1751
.step idx=1752
.step idx=1753
.step idx=1754
.step idx=1755
.step idx=1756
.step idx=1757
.step idx=1758
.step idx=1759
.step idx=1760
.step idx=1761
.step idx=1762
.step idx=1763
.step idx=1764
.step idx=1765
.step idx=1766
.step idx=1767
.step idx=1768
.step idx=1769
.step idx=1770
.step idx=1771
.step idx=1772
.step idx=1773
.step idx=1774
.step idx=1775
.step idx=1776
.step idx=1777
.step idx=1778
.step idx=1779
.step idx=1780
.step idx=1781
.step idx=1782
.step idx=1783
.step idx=1784
.step idx=1785
.step idx=1786
.step idx=1787
.step idx=1788
.step idx=1789
.step idx=1790
.step idx=1791
.step idx=1792
.step idx=1793
.step idx=1794
.step idx=1795
.step idx=1796
.step idx=1797
.step idx=1798
.step idx=1799
.step idx=1800
.step idx=1801
.step idx=1802
.step idx=1803
.step idx=1804
.step idx=1805
.step idx=1806
.step idx=1807
.step idx=1808
.step idx=1809
.step idx=1810
.step idx=1811
.step idx=1812
.step idx=1813
.step idx=1814
.step idx=1815
.step idx=1816
.step idx=1817
.step idx=1818
.step idx=1819
.step idx=1820
.step idx=1821
.step idx=1822
.step idx=1823
.step idx=1824
.step idx=1825
.step idx=1826
.step idx=1827
.step idx=1828
.step idx=1829
.step idx=1830
.step idx=1831
.step idx=1832
.step idx=1833
.step idx=1834
.step idx=1835
.step idx=1836
.step idx=1837
.step idx=1838
.step idx=1839
.step idx=1840
.step idx=1841
.step idx=1842
.step idx=1843
.step idx=1844
.step idx=1845
.step idx=1846
.step idx=1847
.step idx=1848
.step idx=1849
.step idx=1850
.step idx=1851
.step idx=1852
.step idx=1853
.step idx=1854
.step idx=1855
.step idx=1856
.step idx=1857
.step idx=1858
.step idx=1859
.step idx=1860
.step idx=1861
.step idx=1862
.step idx=1863
.step idx=1864
.step idx=1865
.step idx=1866
.step idx=1867
.step idx=1868
.step idx=1869
.step idx=1870
.step idx=1871
.step idx=1872
.step idx=1873
.step idx=1874
.step idx=1875
.step idx=1876
.step idx=1877
.step idx=1878
.step idx=1879
.step idx=1880
.step idx=1881
.step idx=1882
.step idx=1883
.step idx=1884
.step idx=1885
.step idx=1886
.step idx=1887
.step idx=1888
.step idx=1889
.step idx=1890
.step idx=1891
.step idx=1892
.step idx=1893
.step idx=1894
.step idx=1895
.step idx=1896
.step idx=1897
.step idx=1898
.step idx=1899
.step idx=1900
.step idx=1901
.step idx=1902
.step idx=1903
.step idx=1904
.step idx=1905
.step idx=1906
.step idx=1907
.step idx=1908
.step idx=1909
.step idx=1910
.step idx=1911
.step idx=1912
.step idx=1913
.step idx=1914
.step idx=1915
.step idx=1916
.step idx=1917
.step idx=1918
.step idx=1919
.step idx=1920
.step idx=1921
.step idx=1922
.step idx=1923
.step idx=1924
.step idx=1925
.step idx=1926
.step idx=1927
.step idx=1928
.step idx=1929
.step idx=1930
.step idx=1931
.step idx=1932
.step idx=1933
.step idx=1934
.step idx=1935
.step idx=1936
.step idx=1937
.step idx=1938
.step idx=1939
.step idx=1940
.step idx=1941
.step idx=1942
.step idx=1943
.step idx=1944
.step idx=1945
.step idx=1946
.step idx=1947
.step idx=1948
.step idx=1949
.step idx=1950
.step idx=1951
.step idx=1952
.step idx=1953
.step idx=1954
.step idx=1955
.step idx=1956
.step idx=1957
.step idx=1958
.step idx=1959
.step idx=1960
.step idx=1961
.step idx=1962
.step idx=1963
.step idx=1964
.step idx=1965
.step idx=1966
.step idx=1967
.step idx=1968
.step idx=1969
.step idx=1970
.step idx=1971
.step idx=1972
.step idx=1973
.step idx=1974
.step idx=1975
.step idx=1976
.step idx=1977
.step idx=1978
.step idx=1979
.step idx=1980
.step idx=1981
.step idx=1982
.step idx=1983
.step idx=1984
.step idx=1985
.step idx=1986
.step idx=1987
.step idx=1988
.step idx=1989
.step idx=1990
.step idx=1991
.step idx=1992
.step idx=1993
.step idx=1994
.step idx=1995
.step idx=1996
.step idx=1997
.step idx=1998
.step idx=1999
.step idx=2000
.step idx=2001
.step idx=2002
.step idx=2003
.step idx=2004
.step idx=2005
.step idx=2006
.step idx=2007
.step idx=2008
.step idx=2009
.step idx=2010
.step idx=2011
.step idx=2012
.step idx=2013
.step idx=2014
.step idx=2015
.step idx=2016
.step idx=2017
.step idx=2018
.step idx=2019
.step idx=2020
.step idx=2021
.step idx=2022
.step idx=2023
.step idx=2024
.step idx=2025
.step idx=2026
.step idx=2027
.step idx=2028
.step idx=2029
.step idx=2030
.step idx=2031
.step idx=2032
.step idx=2033
.step idx=2034
.step idx=2035
.step idx=2036
.step idx=2037
.step idx=2038
.step idx=2039
.step idx=2040
.step idx=2041
.step idx=2042
.step idx=2043
.step idx=2044
.step idx=2045
.step idx=2046
.step idx=2047
.step idx=2048
.step idx=2049
.step idx=2050
.step idx=2051
.step idx=2052
.step idx=2053
.step idx=2054
.step idx=2055
.step idx=2056
.step idx=2057
.step idx=2058
.step idx=2059
.step idx=2060
.step idx=2061
.step idx=2062
.step idx=2063
.step idx=2064
.step idx=2065
.step idx=2066
.step idx=2067
.step idx=2068
.step idx=2069
.step idx=2070
.step idx=2071
.step idx=2072
.step idx=2073
.step idx=2074
.step idx=2075
.step idx=2076
.step idx=2077
.step idx=2078
.step idx=2079
.step idx=2080
.step idx=2081
.step idx=2082
.step idx=2083
.step idx=2084
.step idx=2085
.step idx=2086
.step idx=2087
.step idx=2088
.step idx=2089
.step idx=2090
.step idx=2091
.step idx=2092
.step idx=2093
.step idx=2094
.step idx=2095
.step idx=2096
.step idx=2097
.step idx=2098
.step idx=2099
.step idx=2100
.step idx=2101
.step idx=2102
.step idx=2103
.step idx=2104
.step idx=2105
.step idx=2106
.step idx=2107
.step idx=2108
.step idx=2109
.step idx=2110
.step idx=2111
.step idx=2112
.step idx=2113
.step idx=2114
.step idx=2115
.step idx=2116
.step idx=2117
.step idx=2118
.step idx=2119
.step idx=2120
.step idx=2121
.step idx=2122
.step idx=2123
.step idx=2124
.step idx=2125
.step idx=2126
.step idx=2127
.step idx=2128
.step idx=2129
.step idx=2130
.step idx=2131
.step idx=2132
.step idx=2133
.step idx=2134
.step idx=2135
.step idx=2136
.step idx=2137
.step idx=2138
.step idx=2139
.step idx=2140
.step idx=2141
.step idx=2142
.step idx=2143
.step idx=2144
.step idx=2145
.step idx=2146
.step idx=2147
.step idx=2148
.step idx=2149
.step idx=2150
.step idx=2151
.step idx=2152
.step idx=2153
.step idx=2154
.step idx=2155
.step idx=2156
.step idx=2157
.step idx=2158
.step idx=2159
.step idx=2160
.step idx=2161
.step idx=2162
.step idx=2163
.step idx=2164
.step idx=2165
.step idx=2166
.step idx=2167
.step idx=2168
.step idx=2169
.step idx=2170
.step idx=2171
.step idx=2172
.step idx=2173
.step idx=2174
.step idx=2175
.step idx=2176
.step idx=2177
.step idx=2178
.step idx=2179
.step idx=2180
.step idx=2181
.step idx=2182
.step idx=2183
.step idx=2184
.step idx=2185
.step idx=2186
.step idx=2187
.step idx=2188
.step idx=2189
.step idx=2190
.step idx=2191
.step idx=2192
.step idx=2193
.step idx=2194
.step idx=2195
.step idx=2196
.step idx=2197
.step idx=2198
.step idx=2199
.step idx=2200
.step idx=2201
.step idx=2202
.step idx=2203
.step idx=2204
.step idx=2205
.step idx=2206
.step idx=2207
.step idx=2208
.step idx=2209
.step idx=2210
.step idx=2211
.step idx=2212
.step idx=2213
.step idx=2214
.step idx=2215
.step idx=2216
.step idx=2217
.step idx=2218
.step idx=2219
.step idx=2220
.step idx=2221
.step idx=2222
.step idx=2223
.step idx=2224
.step idx=2225
.step idx=2226
.step idx=2227
.step idx=2228
.step idx=2229
.step idx=2230
.step idx=2231
.step idx=2232
.step idx=2233
.step idx=2234
.step idx=2235
.step idx=2236
.step idx=2237
.step idx=2238
.step idx=2239
.step idx=2240
.step idx=2241
.step idx=2242
.step idx=2243
.step idx=2244
.step idx=2245
.step idx=2246
.step idx=2247
.step idx=2248
.step idx=2249
.step idx=2250
.step idx=2251
.step idx=2252
.step idx=2253
.step idx=2254
.step idx=2255
.step idx=2256
.step idx=2257
.step idx=2258
.step idx=2259
.step idx=2260
.step idx=2261
.step idx=2262
.step idx=2263
.step idx=2264
.step idx=2265
.step idx=2266
.step idx=2267
.step idx=2268
.step idx=2269
.step idx=2270
.step idx=2271
.step idx=2272
.step idx=2273
.step idx=2274
.step idx=2275
.step idx=2276
.step idx=2277
.step idx=2278
.step idx=2279
.step idx=2280
.step idx=2281
.step idx=2282
.step idx=2283
.step idx=2284
.step idx=2285
.step idx=2286
.step idx=2287
.step idx=2288
.step idx=2289
.step idx=2290
.step idx=2291
.step idx=2292
.step idx=2293
.step idx=2294
.step idx=2295
.step idx=2296
.step idx=2297
.step idx=2298
.step idx=2299
.step idx=2300
.step idx=2301
.step idx=2302
.step idx=2303
.step idx=2304
.step idx=2305
.step idx=2306
.step idx=2307
.step idx=2308
.step idx=2309
.step idx=2310
.step idx=2311
.step idx=2312
.step idx=2313
.step idx=2314
.step idx=2315
.step idx=2316
.step idx=2317
.step idx=2318
.step idx=2319
.step idx=2320
.step idx=2321
.step idx=2322
.step idx=2323
.step idx=2324
.step idx=2325
.step idx=2326
.step idx=2327
.step idx=2328
.step idx=2329
.step idx=2330
.step idx=2331
.step idx=2332
.step idx=2333
.step idx=2334
.step idx=2335
.step idx=2336
.step idx=2337
.step idx=2338
.step idx=2339
.step idx=2340
.step idx=2341
.step idx=2342
.step idx=2343
.step idx=2344
.step idx=2345
.step idx=2346
.step idx=2347
.step idx=2348
.step idx=2349
.step idx=2350
.step idx=2351
.step idx=2352
.step idx=2353
.step idx=2354
.step idx=2355
.step idx=2356
.step idx=2357
.step idx=2358
.step idx=2359
.step idx=2360
.step idx=2361
.step idx=2362
.step idx=2363
.step idx=2364
.step idx=2365
.step idx=2366
.step idx=2367
.step idx=2368
.step idx=2369
.step idx=2370
.step idx=2371
.step idx=2372
.step idx=2373
.step idx=2374
.step idx=2375
.step idx=2376
.step idx=2377
.step idx=2378
.step idx=2379
.step idx=2380
.step idx=2381
.step idx=2382
.step idx=2383
.step idx=2384
.step idx=2385
.step idx=2386
.step idx=2387
.step idx=2388
.step idx=2389
.step idx=2390
.step idx=2391
.step idx=2392
.step idx=2393
.step idx=2394
.step idx=2395
.step idx=2396
.step idx=2397
.step idx=2398
.step idx=2399
.step idx=2400
.step idx=2401
.step idx=2402
.step idx=2403
.step idx=2404
.step idx=2405
.step idx=2406
.step idx=2407
.step idx=2408
.step idx=2409
.step idx=2410
.step idx=2411
.step idx=2412
.step idx=2413
.step idx=2414
.step idx=2415
.step idx=2416
.step idx=2417
.step idx=2418
.step idx=2419
.step idx=2420
.step idx=2421
.step idx=2422
.step idx=2423
.step idx=2424
.step idx=2425
.step idx=2426
.step idx=2427
.step idx=2428
.step idx=2429
.step idx=2430
.step idx=2431
.step idx=2432
.step idx=2433
.step idx=2434
.step idx=2435
.step idx=2436
.step idx=2437
.step idx=2438
.step idx=2439
.step idx=2440
.step idx=2441
.step idx=2442
.step idx=2443
.step idx=2444
.step idx=2445
.step idx=2446
.step idx=2447
.step idx=2448
.step idx=2449
.step idx=2450
.step idx=2451
.step idx=2452
.step idx=2453
.step idx=2454
.step idx=2455
.step idx=2456
.step idx=2457
.step idx=2458
.step idx=2459
.step idx=2460
.step idx=2461
.step idx=2462
.step idx=2463
.step idx=2464
.step idx=2465
.step idx=2466
.step idx=2467
.step idx=2468
.step idx=2469
.step idx=2470
.step idx=2471
.step idx=2472
.step idx=2473
.step idx=2474
.step idx=2475
.step idx=2476
.step idx=2477
.step idx=2478
.step idx=2479
.step idx=2480
.step idx=2481
.step idx=2482
.step idx=2483
.step idx=2484
.step idx=2485
.step idx=2486
.step idx=2487
.step idx=2488
.step idx=2489
.step idx=2490
.step idx=2491
.step idx=2492
.step idx=2493
.step idx=2494
.step idx=2495
.step idx=2496
.step idx=2497
.step idx=2498
.step idx=2499
.step idx=2500
.step idx=2501
.step idx=2502
.step idx=2503
.step idx=2504
.step idx=2505
.step idx=2506
.step idx=2507
.step idx=2508
.step idx=2509
.step idx=2510
.step idx=2511
.step idx=2512
.step idx=2513
.step idx=2514
.step idx=2515
.step idx=2516
.step idx=2517
.step idx=2518
.step idx=2519
.step idx=2520
.step idx=2521
.step idx=2522
.step idx=2523
.step idx=2524
.step idx=2525
.step idx=2526
.step idx=2527
.step idx=2528
.step idx=2529
.step idx=2530
.step idx=2531
.step idx=2532
.step idx=2533
.step idx=2534
.step idx=2535
.step idx=2536
.step idx=2537
.step idx=2538
.step idx=2539
.step idx=2540
.step idx=2541
.step idx=2542
.step idx=2543
.step idx=2544
.step idx=2545
.step idx=2546
.step idx=2547
.step idx=2548
.step idx=2549
.step idx=2550
.step idx=2551
.step idx=2552
.step idx=2553
.step idx=2554
.step idx=2555
.step idx=2556
.step idx=2557
.step idx=2558
.step idx=2559
.step idx=2560
.step idx=2561
.step idx=2562
.step idx=2563
.step idx=2564
.step idx=2565
.step idx=2566
.step idx=2567
.step idx=2568
.step idx=2569
.step idx=2570
.step idx=2571
.step idx=2572
.step idx=2573
.step idx=2574
.step idx=2575
.step idx=2576
.step idx=2577
.step idx=2578
.step idx=2579
.step idx=2580
.step idx=2581
.step idx=2582
.step idx=2583
.step idx=2584
.step idx=2585
.step idx=2586
.step idx=2587
.step idx=2588
.step idx=2589
.step idx=2590
.step idx=2591
.step idx=2592
.step idx=2593
.step idx=2594
.step idx=2595
.step idx=2596
.step idx=2597
.step idx=2598
.step idx=2599
.step idx=2600
.step idx=2601
.step idx=2602
.step idx=2603
.step idx=2604
.step idx=2605
.step idx=2606
.step idx=2607
.step idx=2608
.step idx=2609
.step idx=2610
.step idx=2611
.step idx=2612
.step idx=2613
.step idx=2614
.step idx=2615
.step idx=2616
.step idx=2617
.step idx=2618
.step idx=2619
.step idx=2620
.step idx=2621
.step idx=2622
.step idx=2623
.step idx=2624
.step idx=2625
.step idx=2626
.step idx=2627
.step idx=2628
.step idx=2629
.step idx=2630
.step idx=2631
.step idx=2632
.step idx=2633
.step idx=2634
.step idx=2635
.step idx=2636
.step idx=2637
.step idx=2638
.step idx=2639
.step idx=2640
.step idx=2641
.step idx=2642
.step idx=2643
.step idx=2644
.step idx=2645
.step idx=2646
.step idx=2647
.step idx=2648
.step idx=2649
.step idx=2650
.step idx=2651
.step idx=2652
.step idx=2653
.step idx=2654
.step idx=2655
.step idx=2656
.step idx=2657
.step idx=2658
.step idx=2659
.step idx=2660
.step idx=2661
.step idx=2662
.step idx=2663
.step idx=2664
.step idx=2665
.step idx=2666
.step idx=2667
.step idx=2668
.step idx=2669
.step idx=2670
.step idx=2671
.step idx=2672
.step idx=2673
.step idx=2674
.step idx=2675
.step idx=2676
.step idx=2677
.step idx=2678
.step idx=2679
.step idx=2680
.step idx=2681
.step idx=2682
.step idx=2683
.step idx=2684
.step idx=2685
.step idx=2686
.step idx=2687
.step idx=2688
.step idx=2689
.step idx=2690
.step idx=2691
.step idx=2692
.step idx=2693
.step idx=2694
.step idx=2695
.step idx=2696
.step idx=2697
.step idx=2698
.step idx=2699
.step idx=2700
.step idx=2701
.step idx=2702
.step idx=2703
.step idx=2704
.step idx=2705
.step idx=2706
.step idx=2707
.step idx=2708
.step idx=2709
.step idx=2710
.step idx=2711
.step idx=2712
.step idx=2713
.step idx=2714
.step idx=2715
.step idx=2716
.step idx=2717
.step idx=2718
.step idx=2719
.step idx=2720
.step idx=2721
.step idx=2722
.step idx=2723
.step idx=2724
.step idx=2725
.step idx=2726
.step idx=2727
.step idx=2728
.step idx=2729
.step idx=2730
.step idx=2731
.step idx=2732
.step idx=2733
.step idx=2734
.step idx=2735
.step idx=2736
.step idx=2737
.step idx=2738
.step idx=2739
.step idx=2740
.step idx=2741
.step idx=2742
.step idx=2743
.step idx=2744
.step idx=2745
.step idx=2746
.step idx=2747
.step idx=2748
.step idx=2749
.step idx=2750
.step idx=2751
.step idx=2752
.step idx=2753
.step idx=2754
.step idx=2755
.step idx=2756
.step idx=2757
.step idx=2758
.step idx=2759
.step idx=2760
.step idx=2761
.step idx=2762
.step idx=2763
.step idx=2764
.step idx=2765
.step idx=2766
.step idx=2767
.step idx=2768
.step idx=2769
.step idx=2770
.step idx=2771
.step idx=2772
.step idx=2773
.step idx=2774
.step idx=2775
.step idx=2776
.step idx=2777
.step idx=2778
.step idx=2779
.step idx=2780
.step idx=2781
.step idx=2782
.step idx=2783
.step idx=2784
.step idx=2785
.step idx=2786
.step idx=2787
.step idx=2788
.step idx=2789
.step idx=2790
.step idx=2791
.step idx=2792
.step idx=2793
.step idx=2794
.step idx=2795
.step idx=2796
.step idx=2797
.step idx=2798
.step idx=2799
.step idx=2800
.step idx=2801
.step idx=2802
.step idx=2803
.step idx=2804
.step idx=2805
.step idx=2806
.step idx=2807
.step idx=2808
.step idx=2809
.step idx=2810
.step idx=2811
.step idx=2812
.step idx=2813
.step idx=2814
.step idx=2815
.step idx=2816
.step idx=2817
.step idx=2818
.step idx=2819
.step idx=2820
.step idx=2821
.step idx=2822
.step idx=2823
.step idx=2824
.step idx=2825
.step idx=2826
.step idx=2827
.step idx=2828
.step idx=2829
.step idx=2830
.step idx=2831
.step idx=2832
.step idx=2833
.step idx=2834
.step idx=2835
.step idx=2836
.step idx=2837
.step idx=2838
.step idx=2839
.step idx=2840
.step idx=2841
.step idx=2842
.step idx=2843
.step idx=2844
.step idx=2845
.step idx=2846
.step idx=2847
.step idx=2848
.step idx=2849
.step idx=2850
.step idx=2851
.step idx=2852
.step idx=2853
.step idx=2854
.step idx=2855
.step idx=2856
.step idx=2857
.step idx=2858
.step idx=2859
.step idx=2860
.step idx=2861
.step idx=2862
.step idx=2863
.step idx=2864
.step idx=2865
.step idx=2866
.step idx=2867
.step idx=2868
.step idx=2869
.step idx=2870
.step idx=2871
.step idx=2872
.step idx=2873
.step idx=2874
.step idx=2875
.step idx=2876
.step idx=2877
.step idx=2878
.step idx=2879
.step idx=2880
.step idx=2881
.step idx=2882
.step idx=2883
.step idx=2884
.step idx=2885
.step idx=2886
.step idx=2887
.step idx=2888
.step idx=2889
.step idx=2890
.step idx=2891
.step idx=2892
.step idx=2893
.step idx=2894
.step idx=2895
.step idx=2896
.step idx=2897
.step idx=2898
.step idx=2899
.step idx=2900
.step idx=2901
.step idx=2902
.step idx=2903
.step idx=2904
.step idx=2905
.step idx=2906
.step idx=2907
.step idx=2908
.step idx=2909
.step idx=2910
.step idx=2911
.step idx=2912
.step idx=2913
.step idx=2914
.step idx=2915
.step idx=2916
.step idx=2917
.step idx=2918
.step idx=2919
.step idx=2920
.step idx=2921
.step idx=2922
.step idx=2923
.step idx=2924
.step idx=2925
.step idx=2926
.step idx=2927
.step idx=2928
.step idx=2929
.step idx=2930
.step idx=2931
.step idx=2932
.step idx=2933
.step idx=2934
.step idx=2935
.step idx=2936
.step idx=2937
.step idx=2938
.step idx=2939
.step idx=2940
.step idx=2941
.step idx=2942
.step idx=2943
.step idx=2944
.step idx=2945
.step idx=2946
.step idx=2947
.step idx=2948
.step idx=2949
.step idx=2950
.step idx=2951
.step idx=2952
.step idx=2953
.step idx=2954
.step idx=2955
.step idx=2956
.step idx=2957
.step idx=2958
.step idx=2959
.step idx=2960
.step idx=2961
.step idx=2962
.step idx=2963
.step idx=2964
.step idx=2965
.step idx=2966
.step idx=2967
.step idx=2968
.step idx=2969
.step idx=2970
.step idx=2971
.step idx=2972
.step idx=2973
.step idx=2974
.step idx=2975
.step idx=2976
.step idx=2977
.step idx=2978
.step idx=2979
.step idx=2980
.step idx=2981
.step idx=2982
.step idx=2983
.step idx=2984
.step idx=2985
.step idx=2986
.step idx=2987
.step idx=2988
.step idx=2989
.step idx=2990
.step idx=2991
.step idx=2992
.step idx=2993
.step idx=2994
.step idx=2995
.step idx=2996
.step idx=2997
.step idx=2998
.step idx=2999
.step idx=3000
.step idx=3001
.step idx=3002
.step idx=3003
.step idx=3004
.step idx=3005
.step idx=3006
.step idx=3007
.step idx=3008
.step idx=3009
.step idx=3010
.step idx=3011
.step idx=3012
.step idx=3013
.step idx=3014
.step idx=3015
.step idx=3016
.step idx=3017
.step idx=3018
.step idx=3019
.step idx=3020
.step idx=3021
.step idx=3022
.step idx=3023
.step idx=3024
.step idx=3025
.step idx=3026
.step idx=3027
.step idx=3028
.step idx=3029
.step idx=3030
.step idx=3031
.step idx=3032
.step idx=3033
.step idx=3034
.step idx=3035
.step idx=3036
.step idx=3037
.step idx=3038
.step idx=3039
.step idx=3040
.step idx=3041
.step idx=3042
.step idx=3043
.step idx=3044
.step idx=3045
.step idx=3046
.step idx=3047
.step idx=3048
.step idx=3049
.step idx=3050
.step idx=3051
.step idx=3052
.step idx=3053
.step idx=3054
.step idx=3055
.step idx=3056
.step idx=3057
.step idx=3058
.step idx=3059
.step idx=3060
.step idx=3061
.step idx=3062
.step idx=3063
.step idx=3064
.step idx=3065
.step idx=3066
.step idx=3067
.step idx=3068
.step idx=3069
.step idx=3070
.step idx=3071
.step idx=3072
.step idx=3073
.step idx=3074
.step idx=3075
.step idx=3076
.step idx=3077
.step idx=3078
.step idx=3079
.step idx=3080
.step idx=3081
.step idx=3082
.step idx=3083
.step idx=3084
.step idx=3085
.step idx=3086
.step idx=3087
.step idx=3088
.step idx=3089
.step idx=3090
.step idx=3091
.step idx=3092
.step idx=3093
.step idx=3094
.step idx=3095
.step idx=3096
.step idx=3097
.step idx=3098
.step idx=3099
.step idx=3100
.step idx=3101
.step idx=3102
.step idx=3103
.step idx=3104
.step idx=3105
.step idx=3106
.step idx=3107
.step idx=3108
.step idx=3109
.step idx=3110
.step idx=3111
.step idx=3112
.step idx=3113
.step idx=3114
.step idx=3115
.step idx=3116
.step idx=3117
.step idx=3118
.step idx=3119
.step idx=3120
.step idx=3121
.step idx=3122
.step idx=3123
.step idx=3124
.step idx=3125
.step idx=3126
.step idx=3127
.step idx=3128
.step idx=3129
.step idx=3130
.step idx=3131
.step idx=3132
.step idx=3133
.step idx=3134
.step idx=3135
.step idx=3136
.step idx=3137
.step idx=3138
.step idx=3139
.step idx=3140
.step idx=3141
.step idx=3142
.step idx=3143
.step idx=3144
.step idx=3145
.step idx=3146
.step idx=3147
.step idx=3148
.step idx=3149
.step idx=3150
.step idx=3151
.step idx=3152
.step idx=3153
.step idx=3154
.step idx=3155
.step idx=3156
.step idx=3157
.step idx=3158
.step idx=3159
.step idx=3160
.step idx=3161
.step idx=3162
.step idx=3163
.step idx=3164
.step idx=3165
.step idx=3166
.step idx=3167
.step idx=3168
.step idx=3169
.step idx=3170
.step idx=3171
.step idx=3172
.step idx=3173
.step idx=3174
.step idx=3175
.step idx=3176
.step idx=3177
.step idx=3178
.step idx=3179
.step idx=3180
.step idx=3181
.step idx=3182
.step idx=3183
.step idx=3184
.step idx=3185
.step idx=3186
.step idx=3187
.step idx=3188
.step idx=3189
.step idx=3190
.step idx=3191
.step idx=3192
.step idx=3193
.step idx=3194
.step idx=3195
.step idx=3196
.step idx=3197
.step idx=3198
.step idx=3199
.step idx=3200
.step idx=3201
.step idx=3202
.step idx=3203
.step idx=3204
.step idx=3205
.step idx=3206
.step idx=3207
.step idx=3208
.step idx=3209
.step idx=3210
.step idx=3211
.step idx=3212
.step idx=3213
.step idx=3214
.step idx=3215
.step idx=3216
.step idx=3217
.step idx=3218
.step idx=3219
.step idx=3220
.step idx=3221
.step idx=3222
.step idx=3223
.step idx=3224
.step idx=3225
.step idx=3226
.step idx=3227
.step idx=3228
.step idx=3229
.step idx=3230
.step idx=3231
.step idx=3232
.step idx=3233
.step idx=3234
.step idx=3235
.step idx=3236
.step idx=3237
.step idx=3238
.step idx=3239
.step idx=3240
.step idx=3241
.step idx=3242
.step idx=3243
.step idx=3244
.step idx=3245
.step idx=3246
.step idx=3247
.step idx=3248
.step idx=3249
.step idx=3250
.step idx=3251
.step idx=3252
.step idx=3253
.step idx=3254
.step idx=3255
.step idx=3256
.step idx=3257
.step idx=3258
.step idx=3259
.step idx=3260
.step idx=3261
.step idx=3262
.step idx=3263
.step idx=3264
.step idx=3265
.step idx=3266
.step idx=3267
.step idx=3268
.step idx=3269
.step idx=3270
.step idx=3271
.step idx=3272
.step idx=3273
.step idx=3274
.step idx=3275
.step idx=3276
.step idx=3277
.step idx=3278
.step idx=3279
.step idx=3280
.step idx=3281
.step idx=3282
.step idx=3283
.step idx=3284
.step idx=3285
.step idx=3286
.step idx=3287
.step idx=3288
.step idx=3289
.step idx=3290
.step idx=3291
.step idx=3292
.step idx=3293
.step idx=3294
.step idx=3295
.step idx=3296
.step idx=3297
.step idx=3298
.step idx=3299
.step idx=3300
.step idx=3301
.step idx=3302
.step idx=3303
.step idx=3304
.step idx=3305
.step idx=3306
.step idx=3307
.step idx=3308
.step idx=3309
.step idx=3310
.step idx=3311
.step idx=3312
.step idx=3313
.step idx=3314
.step idx=3315
.step idx=3316
.step idx=3317
.step idx=3318
.step idx=3319
.step idx=3320
.step idx=3321
.step idx=3322
.step idx=3323
.step idx=3324
.step idx=3325
.step idx=3326
.step idx=3327
.step idx=3328
.step idx=3329
.step idx=3330
.step idx=3331
.step idx=3332
.step idx=3333
.step idx=3334
.step idx=3335
.step idx=3336
.step idx=3337
.step idx=3338
.step idx=3339
.step idx=3340
.step idx=3341
.step idx=3342
.step idx=3343
.step idx=3344
.step idx=3345
.step idx=3346
.step idx=3347
.step idx=3348
.step idx=3349
.step idx=3350
.step idx=3351
.step idx=3352
.step idx=3353
.step idx=3354
.step idx=3355
.step idx=3356
.step idx=3357
.step idx=3358
.step idx=3359
.step idx=3360
.step idx=3361
.step idx=3362
.step idx=3363
.step idx=3364
.step idx=3365
.step idx=3366
.step idx=3367
.step idx=3368
.step idx=3369
.step idx=3370
.step idx=3371
.step idx=3372
.step idx=3373
.step idx=3374
.step idx=3375
.step idx=3376
.step idx=3377
.step idx=3378
.step idx=3379
.step idx=3380
.step idx=3381
.step idx=3382
.step idx=3383
.step idx=3384
.step idx=3385
.step idx=3386
.step idx=3387
.step idx=3388
.step idx=3389
.step idx=3390
.step idx=3391
.step idx=3392
.step idx=3393
.step idx=3394
.step idx=3395
.step idx=3396
.step idx=3397
.step idx=3398
.step idx=3399
.step idx=3400
.step idx=3401
.step idx=3402
.step idx=3403
.step idx=3404
.step idx=3405
.step idx=3406
.step idx=3407
.step idx=3408
.step idx=3409
.step idx=3410
.step idx=3411
.step idx=3412
.step idx=3413
.step idx=3414
.step idx=3415
.step idx=3416
.step idx=3417
.step idx=3418
.step idx=3419
.step idx=3420
.step idx=3421
.step idx=3422
.step idx=3423
.step idx=3424
.step idx=3425
.step idx=3426
.step idx=3427
.step idx=3428
.step idx=3429
.step idx=3430
.step idx=3431
.step idx=3432
.step idx=3433
.step idx=3434
.step idx=3435
.step idx=3436
.step idx=3437
.step idx=3438
.step idx=3439
.step idx=3440
.step idx=3441
.step idx=3442
.step idx=3443
.step idx=3444
.step idx=3445
.step idx=3446
.step idx=3447
.step idx=3448
.step idx=3449
.step idx=3450
.step idx=3451
.step idx=3452
.step idx=3453
.step idx=3454
.step idx=3455
.step idx=3456
.step idx=3457
.step idx=3458
.step idx=3459
.step idx=3460
.step idx=3461
.step idx=3462
.step idx=3463
.step idx=3464
.step idx=3465
.step idx=3466
.step idx=3467
.step idx=3468
.step idx=3469
.step idx=3470
.step idx=3471
.step idx=3472
.step idx=3473
.step idx=3474
.step idx=3475
.step idx=3476
.step idx=3477
.step idx=3478
.step idx=3479
.step idx=3480
.step idx=3481
.step idx=3482
.step idx=3483
.step idx=3484
.step idx=3485
.step idx=3486
.step idx=3487
.step idx=3488
.step idx=3489
.step idx=3490
.step idx=3491
.step idx=3492
.step idx=3493
.step idx=3494
.step idx=3495
.step idx=3496
.step idx=3497
.step idx=3498
.step idx=3499
.step idx=3500
.step idx=3501
.step idx=3502
.step idx=3503
.step idx=3504
.step idx=3505
.step idx=3506
.step idx=3507
.step idx=3508
.step idx=3509
.step idx=3510
.step idx=3511
.step idx=3512
.step idx=3513
.step idx=3514
.step idx=3515
.step idx=3516
.step idx=3517
.step idx=3518
.step idx=3519
.step idx=3520
.step idx=3521
.step idx=3522
.step idx=3523
.step idx=3524
.step idx=3525
.step idx=3526
.step idx=3527
.step idx=3528
.step idx=3529
.step idx=3530
.step idx=3531
.step idx=3532
.step idx=3533
.step idx=3534
.step idx=3535
.step idx=3536
.step idx=3537
.step idx=3538
.step idx=3539
.step idx=3540
.step idx=3541
.step idx=3542
.step idx=3543
.step idx=3544
.step idx=3545
.step idx=3546
.step idx=3547
.step idx=3548
.step idx=3549
.step idx=3550
.step idx=3551
.step idx=3552
.step idx=3553
.step idx=3554
.step idx=3555
.step idx=3556
.step idx=3557
.step idx=3558
.step idx=3559
.step idx=3560
.step idx=3561
.step idx=3562
.step idx=3563
.step idx=3564
.step idx=3565
.step idx=3566
.step idx=3567
.step idx=3568
.step idx=3569
.step idx=3570
.step idx=3571
.step idx=3572
.step idx=3573
.step idx=3574
.step idx=3575
.step idx=3576
.step idx=3577
.step idx=3578
.step idx=3579
.step idx=3580
.step idx=3581
.step idx=3582
.step idx=3583
.step idx=3584
.step idx=3585
.step idx=3586
.step idx=3587
.step idx=3588
.step idx=3589
.step idx=3590
.step idx=3591
.step idx=3592
.step idx=3593
.step idx=3594
.step idx=3595
.step idx=3596
.step idx=3597
.step idx=3598
.step idx=3599
.step idx=3600
.step idx=3601
.step idx=3602
.step idx=3603
.step idx=3604
.step idx=3605
.step idx=3606
.step idx=3607
.step idx=3608
.step idx=3609
.step idx=3610
.step idx=3611
.step idx=3612
.step idx=3613
.step idx=3614
.step idx=3615
.step idx=3616
.step idx=3617
.step idx=3618
.step idx=3619
.step idx=3620
.step idx=3621
.step idx=3622
.step idx=3623
.step idx=3624
.step idx=3625
.step idx=3626
.step idx=3627
.step idx=3628
.step idx=3629
.step idx=3630
.step idx=3631
.step idx=3632
.step idx=3633
.step idx=3634
.step idx=3635
.step idx=3636
.step idx=3637
.step idx=3638
.step idx=3639
.step idx=3640
.step idx=3641
.step idx=3642
.step idx=3643
.step idx=3644
.step idx=3645
.step idx=3646
.step idx=3647
.step idx=3648
.step idx=3649
.step idx=3650
.step idx=3651
.step idx=3652
.step idx=3653
.step idx=3654
.step idx=3655
.step idx=3656
.step idx=3657
.step idx=3658
.step idx=3659
.step idx=3660
.step idx=3661
.step idx=3662
.step idx=3663
.step idx=3664
.step idx=3665
.step idx=3666
.step idx=3667
.step idx=3668
.step idx=3669
.step idx=3670
.step idx=3671
.step idx=3672
.step idx=3673
.step idx=3674
.step idx=3675
.step idx=3676
.step idx=3677
.step idx=3678
.step idx=3679
.step idx=3680
.step idx=3681
.step idx=3682
.step idx=3683
.step idx=3684
.step idx=3685
.step idx=3686
.step idx=3687
.step idx=3688
.step idx=3689
.step idx=3690
.step idx=3691
.step idx=3692
.step idx=3693
.step idx=3694
.step idx=3695
.step idx=3696
.step idx=3697
.step idx=3698
.step idx=3699
.step idx=3700
.step idx=3701
.step idx=3702
.step idx=3703
.step idx=3704
.step idx=3705
.step idx=3706
.step idx=3707
.step idx=3708
.step idx=3709
.step idx=3710
.step idx=3711
.step idx=3712
.step idx=3713
.step idx=3714
.step idx=3715
.step idx=3716
.step idx=3717
.step idx=3718
.step idx=3719
.step idx=3720
.step idx=3721
.step idx=3722
.step idx=3723
.step idx=3724
.step idx=3725
.step idx=3726
.step idx=3727
.step idx=3728
.step idx=3729
.step idx=3730
.step idx=3731
.step idx=3732
.step idx=3733
.step idx=3734
.step idx=3735
.step idx=3736
.step idx=3737
.step idx=3738
.step idx=3739
.step idx=3740
.step idx=3741
.step idx=3742
.step idx=3743
.step idx=3744
.step idx=3745
.step idx=3746
.step idx=3747
.step idx=3748
.step idx=3749
.step idx=3750
.step idx=3751
.step idx=3752
.step idx=3753
.step idx=3754
.step idx=3755
.step idx=3756
.step idx=3757
.step idx=3758
.step idx=3759
.step idx=3760
.step idx=3761
.step idx=3762
.step idx=3763
.step idx=3764
.step idx=3765
.step idx=3766
.step idx=3767
.step idx=3768
.step idx=3769
.step idx=3770
.step idx=3771
.step idx=3772
.step idx=3773
.step idx=3774
.step idx=3775
.step idx=3776
.step idx=3777
.step idx=3778
.step idx=3779
.step idx=3780
.step idx=3781
.step idx=3782
.step idx=3783
.step idx=3784
.step idx=3785
.step idx=3786
.step idx=3787
.step idx=3788
.step idx=3789
.step idx=3790
.step idx=3791
.step idx=3792
.step idx=3793
.step idx=3794
.step idx=3795
.step idx=3796
.step idx=3797
.step idx=3798
.step idx=3799
.step idx=3800
.step idx=3801
.step idx=3802
.step idx=3803
.step idx=3804
.step idx=3805
.step idx=3806
.step idx=3807
.step idx=3808
.step idx=3809
.step idx=3810
.step idx=3811
.step idx=3812
.step idx=3813
.step idx=3814
.step idx=3815
.step idx=3816
.step idx=3817
.step idx=3818
.step idx=3819
.step idx=3820
.step idx=3821
.step idx=3822
.step idx=3823
.step idx=3824
.step idx=3825
.step idx=3826
.step idx=3827
.step idx=3828
.step idx=3829
.step idx=3830
.step idx=3831
.step idx=3832
.step idx=3833
.step idx=3834
.step idx=3835
.step idx=3836
.step idx=3837
.step idx=3838
.step idx=3839
.step idx=3840
.step idx=3841
.step idx=3842
.step idx=3843
.step idx=3844
.step idx=3845
.step idx=3846
.step idx=3847
.step idx=3848
.step idx=3849
.step idx=3850
.step idx=3851
.step idx=3852
.step idx=3853
.step idx=3854
.step idx=3855
.step idx=3856
.step idx=3857
.step idx=3858
.step idx=3859
.step idx=3860
.step idx=3861
.step idx=3862
.step idx=3863
.step idx=3864
.step idx=3865
.step idx=3866
.step idx=3867
.step idx=3868
.step idx=3869
.step idx=3870
.step idx=3871
.step idx=3872
.step idx=3873
.step idx=3874
.step idx=3875
.step idx=3876
.step idx=3877
.step idx=3878
.step idx=3879
.step idx=3880
.step idx=3881
.step idx=3882
.step idx=3883
.step idx=3884
.step idx=3885
.step idx=3886
.step idx=3887
.step idx=3888
.step idx=3889
.step idx=3890
.step idx=3891
.step idx=3892
.step idx=3893
.step idx=3894
.step idx=3895
.step idx=3896
.step idx=3897
.step idx=3898
.step idx=3899
.step idx=3900
.step idx=3901
.step idx=3902
.step idx=3903
.step idx=3904
.step idx=3905
.step idx=3906
.step idx=3907
.step idx=3908
.step idx=3909
.step idx=3910
.step idx=3911
.step idx=3912
.step idx=3913
.step idx=3914
.step idx=3915
.step idx=3916
.step idx=3917
.step idx=3918
.step idx=3919
.step idx=3920
.step idx=3921
.step idx=3922
.step idx=3923
.step idx=3924
.step idx=3925
.step idx=3926
.step idx=3927
.step idx=3928
.step idx=3929
.step idx=3930
.step idx=3931
.step idx=3932
.step idx=3933
.step idx=3934
.step idx=3935
.step idx=3936
.step idx=3937
.step idx=3938
.step idx=3939
.step idx=3940
.step idx=3941
.step idx=3942
.step idx=3943
.step idx=3944
.step idx=3945
.step idx=3946
.step idx=3947
.step idx=3948
.step idx=3949
.step idx=3950
.step idx=3951
.step idx=3952
.step idx=3953
.step idx=3954
.step idx=3955
.step idx=3956
.step idx=3957
.step idx=3958
.step idx=3959
.step idx=3960
.step idx=3961
.step idx=3962
.step idx=3963
.step idx=3964
.step idx=3965
.step idx=3966
.step idx=3967
.step idx=3968
.step idx=3969
.step idx=3970
.step idx=3971
.step idx=3972
.step idx=3973
.step idx=3974
.step idx=3975
.step idx=3976
.step idx=3977
.step idx=3978
.step idx=3979
.step idx=3980
.step idx=3981
.step idx=3982
.step idx=3983
.step idx=3984
.step idx=3985
.step idx=3986
.step idx=3987
.step idx=3988
.step idx=3989
.step idx=3990
.step idx=3991
.step idx=3992
.step idx=3993
.step idx=3994
.step idx=3995
.step idx=3996
.step idx=3997
.step idx=3998
.step idx=3999
.step idx=4000
.step idx=4001
.step idx=4002
.step idx=4003
.step idx=4004
.step idx=4005
.step idx=4006
.step idx=4007
.step idx=4008
.step idx=4009
.step idx=4010
.step idx=4011
.step idx=4012
.step idx=4013
.step idx=4014
.step idx=4015
.step idx=4016
.step idx=4017
.step idx=4018
.step idx=4019
.step idx=4020
.step idx=4021
.step idx=4022
.step idx=4023
.step idx=4024
.step idx=4025
.step idx=4026
.step idx=4027
.step idx=4028
.step idx=4029
.step idx=4030
.step idx=4031
.step idx=4032
.step idx=4033
.step idx=4034
.step idx=4035
.step idx=4036
.step idx=4037
.step idx=4038
.step idx=4039
.step idx=4040
.step idx=4041
.step idx=4042
.step idx=4043
.step idx=4044
.step idx=4045
.step idx=4046
.step idx=4047
.step idx=4048
.step idx=4049
.step idx=4050
.step idx=4051
.step idx=4052
.step idx=4053
.step idx=4054
.step idx=4055
.step idx=4056
.step idx=4057
.step idx=4058
.step idx=4059
.step idx=4060
.step idx=4061
.step idx=4062
.step idx=4063
.step idx=4064
.step idx=4065
.step idx=4066
.step idx=4067
.step idx=4068
.step idx=4069
.step idx=4070
.step idx=4071
.step idx=4072
.step idx=4073
.step idx=4074
.step idx=4075
.step idx=4076
.step idx=4077
.step idx=4078
.step idx=4079
.step idx=4080
.step idx=4081
.step idx=4082
.step idx=4083
.step idx=4084
.step idx=4085
.step idx=4086
.step idx=4087
.step idx=4088
.step idx=4089
.step idx=4090
.step idx=4091
.step idx=4092
.step idx=4093
.step idx=4094
.step idx=4095
.step idx=4096
.step idx=4097
.step idx=4098
.step idx=4099
.step idx=4100
.step idx=4101
.step idx=4102
.step idx=4103
.step idx=4104
.step idx=4105
.step idx=4106
.step idx=4107
.step idx=4108
.step idx=4109
.step idx=4110
.step idx=4111
.step idx=4112
.step idx=4113
.step idx=4114
.step idx=4115
.step idx=4116
.step idx=4117
.step idx=4118
.step idx=4119
.step idx=4120
.step idx=4121
.step idx=4122
.step idx=4123
.step idx=4124
.step idx=4125
.step idx=4126
.step idx=4127
.step idx=4128
.step idx=4129
.step idx=4130
.step idx=4131
.step idx=4132
.step idx=4133
.step idx=4134
.step idx=4135
.step idx=4136
.step idx=4137
.step idx=4138
.step idx=4139
.step idx=4140
.step idx=4141
.step idx=4142
.step idx=4143
.step idx=4144
.step idx=4145
.step idx=4146
.step idx=4147
.step idx=4148
.step idx=4149
.step idx=4150
.step idx=4151
.step idx=4152
.step idx=4153
.step idx=4154
.step idx=4155
.step idx=4156
.step idx=4157
.step idx=4158
.step idx=4159
.step idx=4160
.step idx=4161
.step idx=4162
.step idx=4163
.step idx=4164
.step idx=4165
.step idx=4166
.step idx=4167
.step idx=4168
.step idx=4169
.step idx=4170
.step idx=4171
.step idx=4172
.step idx=4173
.step idx=4174
.step idx=4175
.step idx=4176
.step idx=4177
.step idx=4178
.step idx=4179
.step idx=4180
.step idx=4181
.step idx=4182
.step idx=4183
.step idx=4184
.step idx=4185
.step idx=4186
.step idx=4187
.step idx=4188
.step idx=4189
.step idx=4190
.step idx=4191
.step idx=4192
.step idx=4193
.step idx=4194
.step idx=4195
.step idx=4196
.step idx=4197
.step idx=4198
.step idx=4199
.step idx=4200
.step idx=4201
.step idx=4202
.step idx=4203
.step idx=4204
.step idx=4205
.step idx=4206
.step idx=4207
.step idx=4208
.step idx=4209
.step idx=4210
.step idx=4211
.step idx=4212
.step idx=4213
.step idx=4214
.step idx=4215
.step idx=4216
.step idx=4217
.step idx=4218
.step idx=4219
.step idx=4220
.step idx=4221
.step idx=4222
.step idx=4223
.step idx=4224
.step idx=4225
.step idx=4226
.step idx=4227
.step idx=4228
.step idx=4229
.step idx=4230
.step idx=4231
.step idx=4232
.step idx=4233
.step idx=4234
.step idx=4235
.step idx=4236
.step idx=4237
.step idx=4238
.step idx=4239
.step idx=4240
.step idx=4241
.step idx=4242
.step idx=4243
.step idx=4244
.step idx=4245
.step idx=4246
.step idx=4247
.step idx=4248
.step idx=4249
.step idx=4250
.step idx=4251
.step idx=4252
.step idx=4253
.step idx=4254
.step idx=4255
.step idx=4256
.step idx=4257
.step idx=4258
.step idx=4259
.step idx=4260
.step idx=4261
.step idx=4262
.step idx=4263
.step idx=4264
.step idx=4265
.step idx=4266
.step idx=4267
.step idx=4268
.step idx=4269
.step idx=4270
.step idx=4271
.step idx=4272
.step idx=4273
.step idx=4274
.step idx=4275
.step idx=4276
.step idx=4277
.step idx=4278
.step idx=4279
.step idx=4280
.step idx=4281
.step idx=4282
.step idx=4283
.step idx=4284
.step idx=4285
.step idx=4286
.step idx=4287
.step idx=4288
.step idx=4289
.step idx=4290
.step idx=4291
.step idx=4292
.step idx=4293
.step idx=4294
.step idx=4295
.step idx=4296
.step idx=4297
.step idx=4298
.step idx=4299
.step idx=4300
.step idx=4301
.step idx=4302
.step idx=4303
.step idx=4304
.step idx=4305
.step idx=4306
.step idx=4307
.step idx=4308
.step idx=4309
.step idx=4310
.step idx=4311
.step idx=4312
.step idx=4313
.step idx=4314
.step idx=4315
.step idx=4316
.step idx=4317
.step idx=4318
.step idx=4319
.step idx=4320
.step idx=4321
.step idx=4322
.step idx=4323
.step idx=4324
.step idx=4325
.step idx=4326
.step idx=4327
.step idx=4328
.step idx=4329
.step idx=4330
.step idx=4331
.step idx=4332
.step idx=4333
.step idx=4334
.step idx=4335
.step idx=4336
.step idx=4337
.step idx=4338
.step idx=4339
.step idx=4340
.step idx=4341
.step idx=4342
.step idx=4343
.step idx=4344
.step idx=4345
.step idx=4346
.step idx=4347
.step idx=4348
.step idx=4349
.step idx=4350
.step idx=4351
.step idx=4352
.step idx=4353
.step idx=4354
.step idx=4355
.step idx=4356
.step idx=4357
.step idx=4358
.step idx=4359
.step idx=4360
.step idx=4361
.step idx=4362
.step idx=4363
.step idx=4364
.step idx=4365
.step idx=4366
.step idx=4367
.step idx=4368
.step idx=4369
.step idx=4370
.step idx=4371
.step idx=4372
.step idx=4373
.step idx=4374
.step idx=4375
.step idx=4376
.step idx=4377
.step idx=4378
.step idx=4379
.step idx=4380
.step idx=4381
.step idx=4382
.step idx=4383
.step idx=4384
.step idx=4385
.step idx=4386
.step idx=4387
.step idx=4388
.step idx=4389
.step idx=4390
.step idx=4391
.step idx=4392
.step idx=4393
.step idx=4394
.step idx=4395
.step idx=4396
.step idx=4397
.step idx=4398
.step idx=4399
.step idx=4400
.step idx=4401
.step idx=4402
.step idx=4403
.step idx=4404
.step idx=4405
.step idx=4406
.step idx=4407
.step idx=4408
.step idx=4409
.step idx=4410
.step idx=4411
.step idx=4412
.step idx=4413
.step idx=4414
.step idx=4415
.step idx=4416
.step idx=4417
.step idx=4418
.step idx=4419
.step idx=4420
.step idx=4421
.step idx=4422
.step idx=4423
.step idx=4424
.step idx=4425
.step idx=4426
.step idx=4427
.step idx=4428
.step idx=4429
.step idx=4430
.step idx=4431
.step idx=4432
.step idx=4433
.step idx=4434
.step idx=4435
.step idx=4436
.step idx=4437
.step idx=4438
.step idx=4439
.step idx=4440
.step idx=4441
.step idx=4442
.step idx=4443
.step idx=4444
.step idx=4445
.step idx=4446
.step idx=4447
.step idx=4448
.step idx=4449
.step idx=4450
.step idx=4451
.step idx=4452
.step idx=4453
.step idx=4454
.step idx=4455
.step idx=4456
.step idx=4457
.step idx=4458
.step idx=4459
.step idx=4460
.step idx=4461
.step idx=4462
.step idx=4463
.step idx=4464
.step idx=4465
.step idx=4466
.step idx=4467
.step idx=4468
.step idx=4469
.step idx=4470
.step idx=4471
.step idx=4472
.step idx=4473
.step idx=4474
.step idx=4475
.step idx=4476
.step idx=4477
.step idx=4478
.step idx=4479
.step idx=4480
.step idx=4481
.step idx=4482
.step idx=4483
.step idx=4484
.step idx=4485
.step idx=4486
.step idx=4487
.step idx=4488
.step idx=4489
.step idx=4490
.step idx=4491
.step idx=4492
.step idx=4493
.step idx=4494
.step idx=4495
.step idx=4496
.step idx=4497
.step idx=4498
.step idx=4499
.step idx=4500
.step idx=4501
.step idx=4502
.step idx=4503
.step idx=4504
.step idx=4505
.step idx=4506
.step idx=4507
.step idx=4508
.step idx=4509
.step idx=4510
.step idx=4511
.step idx=4512
.step idx=4513
.step idx=4514
.step idx=4515
.step idx=4516
.step idx=4517
.step idx=4518
.step idx=4519
.step idx=4520
.step idx=4521
.step idx=4522
.step idx=4523
.step idx=4524
.step idx=4525
.step idx=4526
.step idx=4527
.step idx=4528
.step idx=4529
.step idx=4530
.step idx=4531
.step idx=4532
.step idx=4533
.step idx=4534
.step idx=4535
Total elapsed time: 179.013 seconds.

Files loaded:
/private/var/folders/7r/frnl9vtn153bhbn6cgk07_2m0000gn/T/cwht-lts.8SNr2A/power_a5.cir

