LTspice 26.0.2 for MacOS
Circuit: /private/var/folders/7r/frnl9vtn153bhbn6cgk07_2m0000gn/T/cwht-lts.e4hHK0/probe_dc.cir
Start Time: Tue Sep 29 16:04:45 2026
solver = Normal
Maximum thread count: 14
tnom = 27
temp = 20
method = trap
.step iset=0 temp=20°
.step iset=1 temp=20°
.step iset=2 temp=20°
.step iset=3 temp=20°
.step iset=4 temp=20°
.step iset=5 temp=20°
.step iset=6 temp=20°
.step iset=7 temp=20°
.step iset=0 temp=25°
.step iset=1 temp=25°
.step iset=2 temp=25°
.step iset=3 temp=25°
.step iset=4 temp=25°
.step iset=5 temp=25°
.step iset=6 temp=25°
.step iset=7 temp=25°
.step iset=0 temp=30°
.step iset=1 temp=30°
.step iset=2 temp=30°
.step iset=3 temp=30°
.step iset=4 temp=30°
.step iset=5 temp=30°
.step iset=6 temp=30°
.step iset=7 temp=30°
Total elapsed time: 0.304 seconds.

Files loaded:
/private/var/folders/7r/frnl9vtn153bhbn6cgk07_2m0000gn/T/cwht-lts.e4hHK0/probe_dc.cir

