LTspice 26.0.2 for MacOS
Circuit: /private/var/folders/7r/frnl9vtn153bhbn6cgk07_2m0000gn/T/cwht-lts.K39CX1/power_a5_step.cir
Start Time: Wed Sep 30 00:50:39 2026
solver = Normal
Maximum thread count: 14
tnom = 27
temp = 27
method = trap
.step idx=0
.step idx=1
.step idx=2
.step idx=3
.step idx=4
.step idx=5
.step idx=6
.step idx=7
.step idx=8
.step idx=9
.step idx=10
.step idx=11
.step idx=12
.step idx=13
.step idx=14
.step idx=15
.step idx=16
.step idx=17
.step idx=18
.step idx=19
.step idx=20
.step idx=21
.step idx=22
.step idx=23
.step idx=24
.step idx=25
.step idx=26
.step idx=27
.step idx=28
.step idx=29
.step idx=30
.step idx=31
.step idx=32
.step idx=33
.step idx=34
.step idx=35
.step idx=36
.step idx=37
.step idx=38
.step idx=39
.step idx=40
.step idx=41
.step idx=42
.step idx=43
.step idx=44
.step idx=45
.step idx=46
.step idx=47
.step idx=48
.step idx=49
.step idx=50
.step idx=51
.step idx=52
.step idx=53
.step idx=54
.step idx=55
.step idx=56
.step idx=57
.step idx=58
.step idx=59
.step idx=60
.step idx=61
.step idx=62
.step idx=63
.step idx=64
.step idx=65
.step idx=66
.step idx=67
.step idx=68
.step idx=69
.step idx=70
.step idx=71
.step idx=72
.step idx=73
.step idx=74
.step idx=75
.step idx=76
.step idx=77
.step idx=78
.step idx=79
.step idx=80
.step idx=81
.step idx=82
.step idx=83
.step idx=84
.step idx=85
.step idx=86
.step idx=87
.step idx=88
.step idx=89
.step idx=90
.step idx=91
.step idx=92
.step idx=93
.step idx=94
.step idx=95
.step idx=96
.step idx=97
.step idx=98
.step idx=99
.step idx=100
.step idx=101
.step idx=102
.step idx=103
.step idx=104
.step idx=105
.step idx=106
.step idx=107
.step idx=108
.step idx=109
.step idx=110
.step idx=111
.step idx=112
.step idx=113
.step idx=114
.step idx=115
.step idx=116
.step idx=117
.step idx=118
.step idx=119
.step idx=120
.step idx=121
.step idx=122
.step idx=123
.step idx=124
.step idx=125
.step idx=126
.step idx=127
.step idx=128
.step idx=129
.step idx=130
.step idx=131
.step idx=132
.step idx=133
.step idx=134
.step idx=135
.step idx=136
.step idx=137
.step idx=138
.step idx=139
.step idx=140
.step idx=141
.step idx=142
.step idx=143
.step idx=144
.step idx=145
.step idx=146
.step idx=147
.step idx=148
.step idx=149
.step idx=150
.step idx=151
.step idx=152
.step idx=153
.step idx=154
.step idx=155
.step idx=156
.step idx=157
.step idx=158
.step idx=159
.step idx=160
.step idx=161
.step idx=162
.step idx=163
.step idx=164
.step idx=165
.step idx=166
.step idx=167
.step idx=168
.step idx=169
.step idx=170
.step idx=171
.step idx=172
.step idx=173
.step idx=174
.step idx=175
.step idx=176
.step idx=177
.step idx=178
.step idx=179
.step idx=180
.step idx=181
.step idx=182
.step idx=183
.step idx=184
.step idx=185
.step idx=186
.step idx=187
.step idx=188
.step idx=189
.step idx=190
.step idx=191
.step idx=192
.step idx=193
.step idx=194
.step idx=195
.step idx=196
.step idx=197
.step idx=198
.step idx=199
.step idx=200
.step idx=201
.step idx=202
.step idx=203
.step idx=204
.step idx=205
.step idx=206
.step idx=207
.step idx=208
.step idx=209
.step idx=210
.step idx=211
.step idx=212
.step idx=213
.step idx=214
.step idx=215
.step idx=216
.step idx=217
.step idx=218
.step idx=219
.step idx=220
.step idx=221
.step idx=222
.step idx=223
.step idx=224
.step idx=225
.step idx=226
.step idx=227
.step idx=228
.step idx=229
.step idx=230
.step idx=231
.step idx=232
.step idx=233
.step idx=234
.step idx=235
.step idx=236
.step idx=237
.step idx=238
.step idx=239
.step idx=240
.step idx=241
.step idx=242
.step idx=243
.step idx=244
.step idx=245
.step idx=246
.step idx=247
.step idx=248
.step idx=249
.step idx=250
.step idx=251
.step idx=252
.step idx=253
.step idx=254
.step idx=255
.step idx=256
.step idx=257
.step idx=258
.step idx=259
.step idx=260
.step idx=261
.step idx=262
.step idx=263
.step idx=264
.step idx=265
.step idx=266
.step idx=267
.step idx=268
.step idx=269
.step idx=270
.step idx=271
.step idx=272
.step idx=273
.step idx=274
.step idx=275
.step idx=276
.step idx=277
.step idx=278
.step idx=279
.step idx=280
.step idx=281
.step idx=282
.step idx=283
.step idx=284
.step idx=285
.step idx=286
.step idx=287
.step idx=288
.step idx=289
.step idx=290
.step idx=291
.step idx=292
.step idx=293
.step idx=294
.step idx=295
.step idx=296
.step idx=297
.step idx=298
.step idx=299
.step idx=300
.step idx=301
.step idx=302
.step idx=303
.step idx=304
.step idx=305
.step idx=306
.step idx=307
.step idx=308
.step idx=309
.step idx=310
.step idx=311
.step idx=312
.step idx=313
.step idx=314
.step idx=315
.step idx=316
.step idx=317
.step idx=318
.step idx=319
.step idx=320
.step idx=321
.step idx=322
.step idx=323
.step idx=324
.step idx=325
.step idx=326
.step idx=327
.step idx=328
.step idx=329
.step idx=330
.step idx=331
.step idx=332
.step idx=333
.step idx=334
.step idx=335
.step idx=336
.step idx=337
.step idx=338
.step idx=339
.step idx=340
.step idx=341
.step idx=342
.step idx=343
.step idx=344
.step idx=345
.step idx=346
.step idx=347
.step idx=348
.step idx=349
.step idx=350
.step idx=351
.step idx=352
.step idx=353
.step idx=354
.step idx=355
.step idx=356
.step idx=357
.step idx=358
.step idx=359
.step idx=360
.step idx=361
.step idx=362
.step idx=363
.step idx=364
.step idx=365
.step idx=366
.step idx=367
.step idx=368
.step idx=369
.step idx=370
.step idx=371
.step idx=372
.step idx=373
.step idx=374
.step idx=375
.step idx=376
.step idx=377
.step idx=378
.step idx=379
.step idx=380
.step idx=381
.step idx=382
.step idx=383
.step idx=384
.step idx=385
.step idx=386
.step idx=387
.step idx=388
.step idx=389
.step idx=390
.step idx=391
.step idx=392
.step idx=393
.step idx=394
.step idx=395
.step idx=396
.step idx=397
.step idx=398
.step idx=399
.step idx=400
.step idx=401
.step idx=402
.step idx=403
.step idx=404
.step idx=405
.step idx=406
.step idx=407
.step idx=408
.step idx=409
.step idx=410
.step idx=411
.step idx=412
.step idx=413
.step idx=414
.step idx=415
.step idx=416
.step idx=417
.step idx=418
.step idx=419
.step idx=420
.step idx=421
.step idx=422
.step idx=423
.step idx=424
.step idx=425
.step idx=426
.step idx=427
.step idx=428
.step idx=429
.step idx=430
.step idx=431
.step idx=432
.step idx=433
.step idx=434
.step idx=435
.step idx=436
.step idx=437
.step idx=438
.step idx=439
.step idx=440
.step idx=441
.step idx=442
.step idx=443
.step idx=444
.step idx=445
.step idx=446
.step idx=447
.step idx=448
.step idx=449
.step idx=450
.step idx=451
.step idx=452
.step idx=453
.step idx=454
.step idx=455
.step idx=456
.step idx=457
.step idx=458
.step idx=459
.step idx=460
.step idx=461
.step idx=462
.step idx=463
.step idx=464
.step idx=465
.step idx=466
.step idx=467
.step idx=468
.step idx=469
.step idx=470
.step idx=471
.step idx=472
.step idx=473
.step idx=474
.step idx=475
.step idx=476
.step idx=477
.step idx=478
.step idx=479
.step idx=480
.step idx=481
.step idx=482
.step idx=483
.step idx=484
.step idx=485
.step idx=486
.step idx=487
.step idx=488
.step idx=489
.step idx=490
.step idx=491
.step idx=492
.step idx=493
.step idx=494
.step idx=495
.step idx=496
.step idx=497
.step idx=498
.step idx=499
.step idx=500
.step idx=501
.step idx=502
.step idx=503
.step idx=504
.step idx=505
.step idx=506
.step idx=507
.step idx=508
.step idx=509
.step idx=510
.step idx=511
.step idx=512
.step idx=513
.step idx=514
.step idx=515
.step idx=516
.step idx=517
.step idx=518
.step idx=519
.step idx=520
.step idx=521
.step idx=522
.step idx=523
.step idx=524
.step idx=525
.step idx=526
.step idx=527
.step idx=528
.step idx=529
.step idx=530
.step idx=531
.step idx=532
.step idx=533
.step idx=534
.step idx=535
.step idx=536
.step idx=537
.step idx=538
.step idx=539
.step idx=540
.step idx=541
.step idx=542
.step idx=543
.step idx=544
.step idx=545
.step idx=546
.step idx=547
.step idx=548
.step idx=549
.step idx=550
.step idx=551
.step idx=552
.step idx=553
.step idx=554
.step idx=555
.step idx=556
.step idx=557
.step idx=558
.step idx=559
.step idx=560
.step idx=561
.step idx=562
.step idx=563
.step idx=564
.step idx=565
.step idx=566
.step idx=567
.step idx=568
.step idx=569
.step idx=570
.step idx=571
.step idx=572
.step idx=573
.step idx=574
.step idx=575
.step idx=576
.step idx=577
.step idx=578
.step idx=579
.step idx=580
.step idx=581
.step idx=582
.step idx=583
.step idx=584
.step idx=585
.step idx=586
.step idx=587
.step idx=588
.step idx=589
.step idx=590
.step idx=591
.step idx=592
.step idx=593
.step idx=594
.step idx=595
.step idx=596
.step idx=597
.step idx=598
.step idx=599
.step idx=600
.step idx=601
.step idx=602
.step idx=603
.step idx=604
.step idx=605
.step idx=606
.step idx=607
.step idx=608
.step idx=609
.step idx=610
.step idx=611
.step idx=612
.step idx=613
.step idx=614
.step idx=615
.step idx=616
.step idx=617
.step idx=618
.step idx=619
.step idx=620
.step idx=621
.step idx=622
.step idx=623
.step idx=624
.step idx=625
.step idx=626
.step idx=627
.step idx=628
.step idx=629
.step idx=630
.step idx=631
.step idx=632
.step idx=633
.step idx=634
.step idx=635
.step idx=636
.step idx=637
.step idx=638
.step idx=639
.step idx=640
.step idx=641
.step idx=642
.step idx=643
.step idx=644
.step idx=645
.step idx=646
.step idx=647
.step idx=648
.step idx=649
.step idx=650
.step idx=651
.step idx=652
.step idx=653
.step idx=654
.step idx=655
.step idx=656
.step idx=657
.step idx=658
.step idx=659
.step idx=660
.step idx=661
.step idx=662
.step idx=663
.step idx=664
.step idx=665
.step idx=666
.step idx=667
.step idx=668
.step idx=669
.step idx=670
.step idx=671
.step idx=672
.step idx=673
.step idx=674
.step idx=675
.step idx=676
.step idx=677
.step idx=678
.step idx=679
.step idx=680
.step idx=681
.step idx=682
.step idx=683
.step idx=684
.step idx=685
.step idx=686
.step idx=687
.step idx=688
.step idx=689
.step idx=690
.step idx=691
.step idx=692
.step idx=693
.step idx=694
.step idx=695
.step idx=696
.step idx=697
.step idx=698
.step idx=699
.step idx=700
.step idx=701
.step idx=702
.step idx=703
.step idx=704
.step idx=705
.step idx=706
.step idx=707
.step idx=708
.step idx=709
.step idx=710
.step idx=711
.step idx=712
.step idx=713
.step idx=714
.step idx=715
.step idx=716
.step idx=717
.step idx=718
.step idx=719
.step idx=720
.step idx=721
.step idx=722
.step idx=723
.step idx=724
.step idx=725
.step idx=726
.step idx=727
.step idx=728
.step idx=729
.step idx=730
.step idx=731
.step idx=732
.step idx=733
.step idx=734
.step idx=735
.step idx=736
.step idx=737
.step idx=738
.step idx=739
.step idx=740
.step idx=741
.step idx=742
.step idx=743
.step idx=744
.step idx=745
.step idx=746
.step idx=747
.step idx=748
.step idx=749
.step idx=750
.step idx=751
.step idx=752
.step idx=753
.step idx=754
.step idx=755
.step idx=756
.step idx=757
.step idx=758
.step idx=759
.step idx=760
.step idx=761
.step idx=762
.step idx=763
.step idx=764
.step idx=765
.step idx=766
.step idx=767
.step idx=768
.step idx=769
.step idx=770
.step idx=771
.step idx=772
.step idx=773
.step idx=774
.step idx=775
.step idx=776
.step idx=777
.step idx=778
.step idx=779
.step idx=780
.step idx=781
.step idx=782
.step idx=783
.step idx=784
.step idx=785
.step idx=786
.step idx=787
.step idx=788
.step idx=789
.step idx=790
.step idx=791
.step idx=792
.step idx=793
.step idx=794
.step idx=795
.step idx=796
.step idx=797
.step idx=798
.step idx=799
.step idx=800
.step idx=801
.step idx=802
.step idx=803
.step idx=804
.step idx=805
.step idx=806
.step idx=807
.step idx=808
.step idx=809
.step idx=810
.step idx=811
.step idx=812
.step idx=813
.step idx=814
.step idx=815
.step idx=816
.step idx=817
.step idx=818
.step idx=819
.step idx=820
.step idx=821
.step idx=822
.step idx=823
.step idx=824
.step idx=825
.step idx=826
.step idx=827
.step idx=828
.step idx=829
.step idx=830
.step idx=831
.step idx=832
.step idx=833
.step idx=834
.step idx=835
.step idx=836
.step idx=837
.step idx=838
.step idx=839
.step idx=840
.step idx=841
.step idx=842
.step idx=843
.step idx=844
.step idx=845
.step idx=846
.step idx=847
.step idx=848
.step idx=849
.step idx=850
.step idx=851
.step idx=852
.step idx=853
.step idx=854
.step idx=855
.step idx=856
.step idx=857
.step idx=858
.step idx=859
.step idx=860
.step idx=861
.step idx=862
.step idx=863
.step idx=864
.step idx=865
.step idx=866
.step idx=867
.step idx=868
.step idx=869
.step idx=870
.step idx=871
.step idx=872
.step idx=873
.step idx=874
.step idx=875
.step idx=876
.step idx=877
.step idx=878
.step idx=879
.step idx=880
.step idx=881
.step idx=882
.step idx=883
.step idx=884
.step idx=885
.step idx=886
.step idx=887
.step idx=888
.step idx=889
.step idx=890
.step idx=891
.step idx=892
.step idx=893
.step idx=894
.step idx=895
.step idx=896
.step idx=897
.step idx=898
.step idx=899
.step idx=900
.step idx=901
.step idx=902
.step idx=903
.step idx=904
.step idx=905
.step idx=906
.step idx=907
.step idx=908
.step idx=909
.step idx=910
.step idx=911
.step idx=912
.step idx=913
.step idx=914
.step idx=915
.step idx=916
.step idx=917
.step idx=918
.step idx=919
.step idx=920
.step idx=921
.step idx=922
.step idx=923
.step idx=924
.step idx=925
.step idx=926
.step idx=927
.step idx=928
.step idx=929
.step idx=930
.step idx=931
.step idx=932
.step idx=933
.step idx=934
.step idx=935
.step idx=936
.step idx=937
.step idx=938
.step idx=939
.step idx=940
.step idx=941
.step idx=942
.step idx=943
.step idx=944
.step idx=945
.step idx=946
.step idx=947
.step idx=948
.step idx=949
.step idx=950
.step idx=951
.step idx=952
.step idx=953
.step idx=954
.step idx=955
.step idx=956
.step idx=957
.step idx=958
.step idx=959
.step idx=960
.step idx=961
.step idx=962
.step idx=963
.step idx=964
.step idx=965
.step idx=966
.step idx=967
.step idx=968
.step idx=969
.step idx=970
.step idx=971
.step idx=972
.step idx=973
.step idx=974
.step idx=975
.step idx=976
.step idx=977
.step idx=978
.step idx=979
.step idx=980
.step idx=981
.step idx=982
.step idx=983
.step idx=984
.step idx=985
.step idx=986
.step idx=987
.step idx=988
.step idx=989
.step idx=990
.step idx=991
.step idx=992
.step idx=993
.step idx=994
.step idx=995
.step idx=996
.step idx=997
.step idx=998
.step idx=999
.step idx=1000
.step idx=1001
.step idx=1002
.step idx=1003
.step idx=1004
.step idx=1005
.step idx=1006
.step idx=1007
.step idx=1008
.step idx=1009
.step idx=1010
.step idx=1011
.step idx=1012
.step idx=1013
.step idx=1014
.step idx=1015
.step idx=1016
.step idx=1017
.step idx=1018
.step idx=1019
.step idx=1020
.step idx=1021
.step idx=1022
.step idx=1023
.step idx=1024
.step idx=1025
.step idx=1026
.step idx=1027
.step idx=1028
.step idx=1029
.step idx=1030
.step idx=1031
.step idx=1032
.step idx=1033
.step idx=1034
.step idx=1035
.step idx=1036
.step idx=1037
.step idx=1038
.step idx=1039
.step idx=1040
.step idx=1041
.step idx=1042
.step idx=1043
.step idx=1044
.step idx=1045
.step idx=1046
.step idx=1047
.step idx=1048
.step idx=1049
.step idx=1050
.step idx=1051
.step idx=1052
.step idx=1053
.step idx=1054
.step idx=1055
.step idx=1056
.step idx=1057
.step idx=1058
.step idx=1059
.step idx=1060
.step idx=1061
.step idx=1062
.step idx=1063
.step idx=1064
.step idx=1065
.step idx=1066
.step idx=1067
.step idx=1068
.step idx=1069
.step idx=1070
.step idx=1071
.step idx=1072
.step idx=1073
.step idx=1074
.step idx=1075
.step idx=1076
.step idx=1077
.step idx=1078
.step idx=1079
.step idx=1080
.step idx=1081
.step idx=1082
.step idx=1083
.step idx=1084
.step idx=1085
.step idx=1086
.step idx=1087
.step idx=1088
.step idx=1089
.step idx=1090
.step idx=1091
.step idx=1092
.step idx=1093
.step idx=1094
.step idx=1095
.step idx=1096
.step idx=1097
.step idx=1098
.step idx=1099
.step idx=1100
.step idx=1101
.step idx=1102
.step idx=1103
.step idx=1104
.step idx=1105
.step idx=1106
.step idx=1107
.step idx=1108
.step idx=1109
.step idx=1110
.step idx=1111
.step idx=1112
.step idx=1113
.step idx=1114
.step idx=1115
.step idx=1116
.step idx=1117
.step idx=1118
.step idx=1119
.step idx=1120
.step idx=1121
.step idx=1122
.step idx=1123
.step idx=1124
.step idx=1125
.step idx=1126
.step idx=1127
.step idx=1128
.step idx=1129
.step idx=1130
.step idx=1131
.step idx=1132
.step idx=1133
.step idx=1134
.step idx=1135
.step idx=1136
.step idx=1137
.step idx=1138
.step idx=1139
.step idx=1140
.step idx=1141
.step idx=1142
.step idx=1143
.step idx=1144
.step idx=1145
.step idx=1146
.step idx=1147
.step idx=1148
.step idx=1149
.step idx=1150
.step idx=1151
.step idx=1152
.step idx=1153
.step idx=1154
.step idx=1155
.step idx=1156
.step idx=1157
.step idx=1158
.step idx=1159
.step idx=1160
.step idx=1161
.step idx=1162
.step idx=1163
.step idx=1164
.step idx=1165
.step idx=1166
.step idx=1167
.step idx=1168
.step idx=1169
.step idx=1170
.step idx=1171
.step idx=1172
.step idx=1173
.step idx=1174
.step idx=1175
.step idx=1176
.step idx=1177
.step idx=1178
.step idx=1179
.step idx=1180
.step idx=1181
.step idx=1182
.step idx=1183
.step idx=1184
.step idx=1185
.step idx=1186
.step idx=1187
.step idx=1188
.step idx=1189
.step idx=1190
.step idx=1191
.step idx=1192
.step idx=1193
.step idx=1194
.step idx=1195
.step idx=1196
.step idx=1197
.step idx=1198
.step idx=1199
.step idx=1200
.step idx=1201
.step idx=1202
.step idx=1203
.step idx=1204
.step idx=1205
.step idx=1206
.step idx=1207
.step idx=1208
.step idx=1209
.step idx=1210
.step idx=1211
.step idx=1212
.step idx=1213
.step idx=1214
.step idx=1215
.step idx=1216
.step idx=1217
.step idx=1218
.step idx=1219
.step idx=1220
.step idx=1221
.step idx=1222
.step idx=1223
.step idx=1224
.step idx=1225
.step idx=1226
.step idx=1227
.step idx=1228
.step idx=1229
.step idx=1230
.step idx=1231
.step idx=1232
.step idx=1233
.step idx=1234
.step idx=1235
.step idx=1236
.step idx=1237
.step idx=1238
.step idx=1239
.step idx=1240
.step idx=1241
.step idx=1242
.step idx=1243
.step idx=1244
.step idx=1245
.step idx=1246
.step idx=1247
.step idx=1248
.step idx=1249
.step idx=1250
.step idx=1251
.step idx=1252
.step idx=1253
.step idx=1254
.step idx=1255
.step idx=1256
.step idx=1257
.step idx=1258
.step idx=1259
.step idx=1260
.step idx=1261
.step idx=1262
.step idx=1263
.step idx=1264
.step idx=1265
.step idx=1266
.step idx=1267
.step idx=1268
.step idx=1269
.step idx=1270
.step idx=1271
.step idx=1272
.step idx=1273
.step idx=1274
.step idx=1275
.step idx=1276
.step idx=1277
.step idx=1278
.step idx=1279
.step idx=1280
.step idx=1281
.step idx=1282
.step idx=1283
.step idx=1284
.step idx=1285
.step idx=1286
.step idx=1287
.step idx=1288
.step idx=1289
.step idx=1290
.step idx=1291
.step idx=1292
.step idx=1293
.step idx=1294
.step idx=1295
.step idx=1296
.step idx=1297
.step idx=1298
.step idx=1299
.step idx=1300
.step idx=1301
.step idx=1302
.step idx=1303
.step idx=1304
.step idx=1305
.step idx=1306
.step idx=1307
.step idx=1308
.step idx=1309
.step idx=1310
.step idx=1311
.step idx=1312
.step idx=1313
.step idx=1314
.step idx=1315
.step idx=1316
.step idx=1317
.step idx=1318
.step idx=1319
.step idx=1320
.step idx=1321
.step idx=1322
.step idx=1323
.step idx=1324
.step idx=1325
.step idx=1326
.step idx=1327
.step idx=1328
.step idx=1329
.step idx=1330
.step idx=1331
.step idx=1332
.step idx=1333
.step idx=1334
.step idx=1335
.step idx=1336
.step idx=1337
.step idx=1338
.step idx=1339
.step idx=1340
.step idx=1341
.step idx=1342
.step idx=1343
.step idx=1344
.step idx=1345
.step idx=1346
.step idx=1347
.step idx=1348
.step idx=1349
.step idx=1350
.step idx=1351
.step idx=1352
.step idx=1353
.step idx=1354
.step idx=1355
.step idx=1356
.step idx=1357
.step idx=1358
.step idx=1359
.step idx=1360
.step idx=1361
.step idx=1362
.step idx=1363
.step idx=1364
.step idx=1365
.step idx=1366
.step idx=1367
.step idx=1368
.step idx=1369
.step idx=1370
.step idx=1371
.step idx=1372
.step idx=1373
.step idx=1374
.step idx=1375
.step idx=1376
.step idx=1377
.step idx=1378
.step idx=1379
.step idx=1380
.step idx=1381
.step idx=1382
.step idx=1383
.step idx=1384
.step idx=1385
.step idx=1386
.step idx=1387
.step idx=1388
.step idx=1389
.step idx=1390
.step idx=1391
.step idx=1392
.step idx=1393
.step idx=1394
.step idx=1395
.step idx=1396
.step idx=1397
.step idx=1398
.step idx=1399
.step idx=1400
.step idx=1401
.step idx=1402
.step idx=1403
.step idx=1404
.step idx=1405
.step idx=1406
.step idx=1407
.step idx=1408
.step idx=1409
.step idx=1410
.step idx=1411
.step idx=1412
.step idx=1413
.step idx=1414
.step idx=1415
.step idx=1416
.step idx=1417
.step idx=1418
.step idx=1419
.step idx=1420
.step idx=1421
.step idx=1422
.step idx=1423
.step idx=1424
.step idx=1425
.step idx=1426
.step idx=1427
.step idx=1428
.step idx=1429
.step idx=1430
.step idx=1431
.step idx=1432
.step idx=1433
.step idx=1434
.step idx=1435
.step idx=1436
.step idx=1437
.step idx=1438
.step idx=1439
.step idx=1440
.step idx=1441
.step idx=1442
.step idx=1443
.step idx=1444
.step idx=1445
.step idx=1446
.step idx=1447
.step idx=1448
.step idx=1449
.step idx=1450
.step idx=1451
.step idx=1452
.step idx=1453
.step idx=1454
.step idx=1455
.step idx=1456
.step idx=1457
.step idx=1458
.step idx=1459
.step idx=1460
.step idx=1461
.step idx=1462
.step idx=1463
.step idx=1464
.step idx=1465
.step idx=1466
.step idx=1467
.step idx=1468
.step idx=1469
.step idx=1470
.step idx=1471
.step idx=1472
.step idx=1473
.step idx=1474
.step idx=1475
.step idx=1476
.step idx=1477
.step idx=1478
.step idx=1479
.step idx=1480
.step idx=1481
.step idx=1482
.step idx=1483
.step idx=1484
.step idx=1485
.step idx=1486
.step idx=1487
.step idx=1488
.step idx=1489
.step idx=1490
.step idx=1491
.step idx=1492
.step idx=1493
.step idx=1494
.step idx=1495
.step idx=1496
.step idx=1497
.step idx=1498
.step idx=1499
.step idx=1500
.step idx=1501
.step idx=1502
.step idx=1503
.step idx=1504
.step idx=1505
.step idx=1506
.step idx=1507
.step idx=1508
.step idx=1509
.step idx=1510
.step idx=1511
.step idx=1512
.step idx=1513
.step idx=1514
.step idx=1515
.step idx=1516
.step idx=1517
.step idx=1518
.step idx=1519
.step idx=1520
.step idx=1521
.step idx=1522
.step idx=1523
.step idx=1524
.step idx=1525
.step idx=1526
.step idx=1527
.step idx=1528
.step idx=1529
.step idx=1530
.step idx=1531
.step idx=1532
.step idx=1533
.step idx=1534
.step idx=1535
.step idx=1536
.step idx=1537
.step idx=1538
.step idx=1539
.step idx=1540
.step idx=1541
.step idx=1542
.step idx=1543
.step idx=1544
.step idx=1545
.step idx=1546
.step idx=1547
.step idx=1548
.step idx=1549
.step idx=1550
.step idx=1551
.step idx=1552
.step idx=1553
.step idx=1554
.step idx=1555
.step idx=1556
.step idx=1557
.step idx=1558
.step idx=1559
.step idx=1560
.step idx=1561
.step idx=1562
.step idx=1563
.step idx=1564
.step idx=1565
.step idx=1566
.step idx=1567
.step idx=1568
.step idx=1569
.step idx=1570
.step idx=1571
.step idx=1572
.step idx=1573
.step idx=1574
.step idx=1575
.step idx=1576
.step idx=1577
.step idx=1578
.step idx=1579
.step idx=1580
.step idx=1581
.step idx=1582
.step idx=1583
.step idx=1584
.step idx=1585
.step idx=1586
.step idx=1587
.step idx=1588
.step idx=1589
.step idx=1590
.step idx=1591
.step idx=1592
.step idx=1593
.step idx=1594
.step idx=1595
.step idx=1596
.step idx=1597
.step idx=1598
.step idx=1599
.step idx=1600
.step idx=1601
.step idx=1602
.step idx=1603
.step idx=1604
.step idx=1605
.step idx=1606
.step idx=1607
.step idx=1608
.step idx=1609
.step idx=1610
.step idx=1611
.step idx=1612
.step idx=1613
.step idx=1614
.step idx=1615
.step idx=1616
.step idx=1617
.step idx=1618
.step idx=1619
.step idx=1620
.step idx=1621
.step idx=1622
.step idx=1623
.step idx=1624
.step idx=1625
.step idx=1626
.step idx=1627
.step idx=1628
.step idx=1629
.step idx=1630
.step idx=1631
.step idx=1632
.step idx=1633
.step idx=1634
.step idx=1635
.step idx=1636
.step idx=1637
.step idx=1638
.step idx=1639
.step idx=1640
.step idx=1641
.step idx=1642
.step idx=1643
.step idx=1644
.step idx=1645
.step idx=1646
.step idx=1647
.step idx=1648
.step idx=1649
.step idx=1650
.step idx=1651
.step idx=1652
.step idx=1653
.step idx=1654
.step idx=1655
.step idx=1656
.step idx=1657
.step idx=1658
.step idx=1659
.step idx=1660
.step idx=1661
.step idx=1662
.step idx=1663
.step idx=1664
.step idx=1665
.step idx=1666
.step idx=1667
.step idx=1668
.step idx=1669
.step idx=1670
.step idx=1671
.step idx=1672
.step idx=1673
.step idx=1674
.step idx=1675
.step idx=1676
.step idx=1677
.step idx=1678
.step idx=1679
.step idx=1680
.step idx=1681
.step idx=1682
.step idx=1683
.step idx=1684
.step idx=1685
.step idx=1686
.step idx=1687
.step idx=1688
.step idx=1689
.step idx=1690
.step idx=1691
.step idx=1692
.step idx=1693
.step idx=1694
.step idx=1695
.step idx=1696
.step idx=1697
.step idx=1698
.step idx=1699
.step idx=1700
.step idx=1701
.step idx=1702
.step idx=1703
.step idx=1704
.step idx=1705
.step idx=1706
.step idx=1707
.step idx=1708
.step idx=1709
.step idx=1710
.step idx=1711
.step idx=1712
.step idx=1713
.step idx=1714
.step idx=1715
.step idx=1716
.step idx=1717
.step idx=1718
.step idx=1719
.step idx=1720
.step idx=1721
.step idx=1722
.step idx=1723
.step idx=1724
.step idx=1725
.step idx=1726
.step idx=1727
.step idx=1728
.step idx=1729
.step idx=1730
.step idx=1731
.step idx=1732
.step idx=1733
.step idx=1734
.step idx=1735
.step idx=1736
.step idx=1737
.step idx=1738
.step idx=1739
.step idx=1740
.step idx=1741
.step idx=1742
.step idx=1743
.step idx=1744
.step idx=1745
.step idx=1746
.step idx=1747
.step idx=1748
.step idx=1749
.step idx=1750
.step idx=1751
.step idx=1752
.step idx=1753
.step idx=1754
.step idx=1755
.step idx=1756
.step idx=1757
.step idx=1758
.step idx=1759
.step idx=1760
.step idx=1761
.step idx=1762
.step idx=1763
.step idx=1764
.step idx=1765
.step idx=1766
.step idx=1767
.step idx=1768
.step idx=1769
.step idx=1770
.step idx=1771
.step idx=1772
.step idx=1773
.step idx=1774
.step idx=1775
.step idx=1776
.step idx=1777
.step idx=1778
.step idx=1779
.step idx=1780
.step idx=1781
.step idx=1782
.step idx=1783
.step idx=1784
.step idx=1785
.step idx=1786
.step idx=1787
.step idx=1788
.step idx=1789
.step idx=1790
.step idx=1791
.step idx=1792
.step idx=1793
.step idx=1794
.step idx=1795
.step idx=1796
.step idx=1797
.step idx=1798
.step idx=1799
.step idx=1800
.step idx=1801
.step idx=1802
.step idx=1803
.step idx=1804
.step idx=1805
.step idx=1806
.step idx=1807
.step idx=1808
.step idx=1809
.step idx=1810
.step idx=1811
.step idx=1812
.step idx=1813
.step idx=1814
.step idx=1815
.step idx=1816
.step idx=1817
.step idx=1818
.step idx=1819
.step idx=1820
.step idx=1821
.step idx=1822
.step idx=1823
.step idx=1824
.step idx=1825
.step idx=1826
.step idx=1827
.step idx=1828
.step idx=1829
.step idx=1830
.step idx=1831
.step idx=1832
.step idx=1833
.step idx=1834
.step idx=1835
.step idx=1836
.step idx=1837
.step idx=1838
.step idx=1839
.step idx=1840
.step idx=1841
.step idx=1842
.step idx=1843
.step idx=1844
.step idx=1845
.step idx=1846
.step idx=1847
.step idx=1848
.step idx=1849
.step idx=1850
.step idx=1851
.step idx=1852
.step idx=1853
.step idx=1854
.step idx=1855
.step idx=1856
.step idx=1857
.step idx=1858
.step idx=1859
.step idx=1860
.step idx=1861
.step idx=1862
.step idx=1863
.step idx=1864
.step idx=1865
.step idx=1866
.step idx=1867
.step idx=1868
.step idx=1869
.step idx=1870
.step idx=1871
.step idx=1872
.step idx=1873
.step idx=1874
.step idx=1875
.step idx=1876
.step idx=1877
.step idx=1878
.step idx=1879
.step idx=1880
.step idx=1881
.step idx=1882
.step idx=1883
.step idx=1884
.step idx=1885
.step idx=1886
.step idx=1887
.step idx=1888
.step idx=1889
.step idx=1890
.step idx=1891
.step idx=1892
.step idx=1893
.step idx=1894
.step idx=1895
.step idx=1896
.step idx=1897
.step idx=1898
.step idx=1899
.step idx=1900
.step idx=1901
.step idx=1902
.step idx=1903
.step idx=1904
.step idx=1905
.step idx=1906
.step idx=1907
.step idx=1908
.step idx=1909
.step idx=1910
.step idx=1911
.step idx=1912
.step idx=1913
.step idx=1914
.step idx=1915
.step idx=1916
.step idx=1917
.step idx=1918
.step idx=1919
.step idx=1920
.step idx=1921
.step idx=1922
.step idx=1923
.step idx=1924
.step idx=1925
.step idx=1926
.step idx=1927
.step idx=1928
.step idx=1929
.step idx=1930
.step idx=1931
.step idx=1932
.step idx=1933
.step idx=1934
.step idx=1935
.step idx=1936
.step idx=1937
.step idx=1938
.step idx=1939
.step idx=1940
.step idx=1941
.step idx=1942
.step idx=1943
Total elapsed time: 512.938 seconds.

Files loaded:
/private/var/folders/7r/frnl9vtn153bhbn6cgk07_2m0000gn/T/cwht-lts.K39CX1/power_a5_step.cir

