LTspice 26.0.2 for MacOS
Circuit: /private/var/folders/7r/frnl9vtn153bhbn6cgk07_2m0000gn/T/cwht-lts.sTuquW/det_char_biased.cir
Start Time: Mon Sep 28 18:02:16 2026
Options:method=gear

.step a=0.05
solver = Normal
Maximum thread count: 14
tnom = 27
temp = 27
method = Gear
Direct Newton iteration succeeded in finding operating point.

.step a=0.1
Direct Newton iteration succeeded in finding operating point.

.step a=0.2
Direct Newton iteration succeeded in finding operating point.

.step a=0.35
Direct Newton iteration succeeded in finding operating point.

.step a=0.6
Direct Newton iteration succeeded in finding operating point.

.step a=1
Direct Newton iteration succeeded in finding operating point.

.step a=1.7
Direct Newton iteration succeeded in finding operating point.

.step a=3
Direct Newton iteration succeeded in finding operating point.

.step a=5
Direct Newton iteration succeeded in finding operating point.

.step a=9
Direct Newton iteration succeeded in finding operating point.

.step a=15
Direct Newton iteration succeeded in finding operating point.

.step a=22.36
Direct Newton iteration succeeded in finding operating point.

.step a=28
Direct Newton iteration succeeded in finding operating point.
Total elapsed time: 0.827 seconds.

Files loaded:
/private/var/folders/7r/frnl9vtn153bhbn6cgk07_2m0000gn/T/cwht-lts.sTuquW/det_char_biased.cir


Measurement: vdet
  step	AVG(V(c)-V(out) )	FROM	TO
     1	8.27945567115e-05	3e-06	4e-06
     2	0.000330664271633	3e-06	4e-06
     3	0.00131475360301	3e-06	4e-06
     4	0.00396145568346	3e-06	4e-06
     5	0.0111291464805	3e-06	4e-06
     6	0.0278096864279	3e-06	4e-06
     7	0.0647408017643	3e-06	4e-06
     8	0.142507664705	3e-06	4e-06
     9	0.270735029259	3e-06	4e-06
    10	0.536205175516	3e-06	4e-06
    11	0.943428491359	3e-06	4e-06
    12	1.44789414475	3e-06	4e-06
    13	1.83699033226	3e-06	4e-06
