LTspice 26.0.2 for MacOS
Circuit: /private/var/folders/7r/frnl9vtn153bhbn6cgk07_2m0000gn/T/cwht-lts.FBbyiJ/coil_tran.cir
Start Time: Tue Sep 29 16:27:12 2026

.step case=1
solver = Normal
Maximum thread count: 14
tnom = 27
temp = 27
method = trap
Direct Newton iteration succeeded in finding operating point.

.step case=2
Direct Newton iteration succeeded in finding operating point.

.step case=3
Direct Newton iteration succeeded in finding operating point.

.step case=4
Direct Newton iteration succeeded in finding operating point.

.step case=5
Direct Newton iteration succeeded in finding operating point.

.step case=6
Direct Newton iteration succeeded in finding operating point.
Total elapsed time: 1.999 seconds.

Files loaded:
/private/var/folders/7r/frnl9vtn153bhbn6cgk07_2m0000gn/T/cwht-lts.FBbyiJ/coil_tran.cir

