LTspice 26.0.2 for MacOS
Circuit: /private/var/folders/7r/frnl9vtn153bhbn6cgk07_2m0000gn/T/cwht-lts.ULiDUw/power_a5.cir
Start Time: Mon Sep 28 17:49:32 2026
solver = Normal
Maximum thread count: 14
tnom = 27
temp = 27
method = trap
.step idx=0
.step idx=1
.step idx=2
.step idx=3
.step idx=4
.step idx=5
.step idx=6
.step idx=7
.step idx=8
.step idx=9
.step idx=10
.step idx=11
.step idx=12
.step idx=13
.step idx=14
.step idx=15
.step idx=16
.step idx=17
.step idx=18
.step idx=19
.step idx=20
.step idx=21
.step idx=22
.step idx=23
.step idx=24
.step idx=25
.step idx=26
.step idx=27
.step idx=28
.step idx=29
.step idx=30
.step idx=31
.step idx=32
.step idx=33
.step idx=34
.step idx=35
.step idx=36
.step idx=37
.step idx=38
.step idx=39
.step idx=40
.step idx=41
.step idx=42
.step idx=43
.step idx=44
.step idx=45
.step idx=46
.step idx=47
.step idx=48
.step idx=49
.step idx=50
.step idx=51
.step idx=52
.step idx=53
.step idx=54
.step idx=55
.step idx=56
.step idx=57
.step idx=58
.step idx=59
.step idx=60
.step idx=61
.step idx=62
.step idx=63
.step idx=64
.step idx=65
.step idx=66
.step idx=67
.step idx=68
.step idx=69
.step idx=70
.step idx=71
.step idx=72
.step idx=73
.step idx=74
.step idx=75
.step idx=76
.step idx=77
.step idx=78
.step idx=79
.step idx=80
.step idx=81
.step idx=82
.step idx=83
.step idx=84
.step idx=85
.step idx=86
.step idx=87
.step idx=88
.step idx=89
.step idx=90
.step idx=91
.step idx=92
.step idx=93
.step idx=94
.step idx=95
.step idx=96
.step idx=97
.step idx=98
.step idx=99
.step idx=100
.step idx=101
.step idx=102
.step idx=103
.step idx=104
.step idx=105
.step idx=106
.step idx=107
.step idx=108
.step idx=109
.step idx=110
.step idx=111
.step idx=112
.step idx=113
.step idx=114
.step idx=115
.step idx=116
.step idx=117
.step idx=118
.step idx=119
.step idx=120
.step idx=121
.step idx=122
.step idx=123
.step idx=124
.step idx=125
.step idx=126
.step idx=127
.step idx=128
.step idx=129
.step idx=130
.step idx=131
.step idx=132
.step idx=133
.step idx=134
.step idx=135
.step idx=136
.step idx=137
.step idx=138
.step idx=139
.step idx=140
.step idx=141
.step idx=142
.step idx=143
.step idx=144
.step idx=145
.step idx=146
.step idx=147
.step idx=148
.step idx=149
.step idx=150
.step idx=151
.step idx=152
.step idx=153
.step idx=154
.step idx=155
.step idx=156
.step idx=157
.step idx=158
.step idx=159
.step idx=160
.step idx=161
.step idx=162
.step idx=163
.step idx=164
.step idx=165
.step idx=166
.step idx=167
.step idx=168
.step idx=169
.step idx=170
.step idx=171
.step idx=172
.step idx=173
.step idx=174
.step idx=175
.step idx=176
.step idx=177
.step idx=178
.step idx=179
.step idx=180
.step idx=181
.step idx=182
.step idx=183
.step idx=184
.step idx=185
.step idx=186
.step idx=187
.step idx=188
.step idx=189
.step idx=190
.step idx=191
.step idx=192
.step idx=193
.step idx=194
.step idx=195
.step idx=196
.step idx=197
.step idx=198
.step idx=199
.step idx=200
.step idx=201
.step idx=202
.step idx=203
.step idx=204
.step idx=205
.step idx=206
.step idx=207
.step idx=208
.step idx=209
.step idx=210
.step idx=211
.step idx=212
.step idx=213
.step idx=214
.step idx=215
.step idx=216
.step idx=217
.step idx=218
.step idx=219
.step idx=220
.step idx=221
.step idx=222
.step idx=223
.step idx=224
.step idx=225
.step idx=226
.step idx=227
.step idx=228
.step idx=229
.step idx=230
.step idx=231
.step idx=232
.step idx=233
.step idx=234
.step idx=235
.step idx=236
.step idx=237
.step idx=238
.step idx=239
.step idx=240
.step idx=241
.step idx=242
.step idx=243
.step idx=244
.step idx=245
.step idx=246
.step idx=247
.step idx=248
.step idx=249
.step idx=250
.step idx=251
.step idx=252
.step idx=253
.step idx=254
.step idx=255
.step idx=256
.step idx=257
.step idx=258
.step idx=259
.step idx=260
.step idx=261
.step idx=262
.step idx=263
.step idx=264
.step idx=265
.step idx=266
.step idx=267
.step idx=268
.step idx=269
.step idx=270
.step idx=271
.step idx=272
.step idx=273
.step idx=274
.step idx=275
.step idx=276
.step idx=277
.step idx=278
.step idx=279
.step idx=280
.step idx=281
.step idx=282
.step idx=283
.step idx=284
.step idx=285
.step idx=286
.step idx=287
.step idx=288
.step idx=289
.step idx=290
.step idx=291
.step idx=292
.step idx=293
.step idx=294
.step idx=295
.step idx=296
.step idx=297
.step idx=298
.step idx=299
.step idx=300
.step idx=301
.step idx=302
.step idx=303
.step idx=304
.step idx=305
.step idx=306
.step idx=307
.step idx=308
.step idx=309
.step idx=310
.step idx=311
.step idx=312
.step idx=313
.step idx=314
.step idx=315
.step idx=316
.step idx=317
.step idx=318
.step idx=319
.step idx=320
.step idx=321
.step idx=322
.step idx=323
.step idx=324
.step idx=325
.step idx=326
.step idx=327
.step idx=328
.step idx=329
.step idx=330
.step idx=331
.step idx=332
.step idx=333
.step idx=334
.step idx=335
.step idx=336
.step idx=337
.step idx=338
.step idx=339
.step idx=340
.step idx=341
.step idx=342
.step idx=343
.step idx=344
.step idx=345
.step idx=346
.step idx=347
.step idx=348
.step idx=349
.step idx=350
.step idx=351
.step idx=352
.step idx=353
.step idx=354
.step idx=355
.step idx=356
.step idx=357
.step idx=358
.step idx=359
.step idx=360
.step idx=361
.step idx=362
.step idx=363
.step idx=364
.step idx=365
.step idx=366
.step idx=367
.step idx=368
.step idx=369
.step idx=370
.step idx=371
.step idx=372
.step idx=373
.step idx=374
.step idx=375
.step idx=376
.step idx=377
.step idx=378
.step idx=379
.step idx=380
.step idx=381
.step idx=382
.step idx=383
.step idx=384
.step idx=385
.step idx=386
.step idx=387
.step idx=388
.step idx=389
.step idx=390
.step idx=391
.step idx=392
.step idx=393
.step idx=394
.step idx=395
.step idx=396
.step idx=397
.step idx=398
.step idx=399
.step idx=400
.step idx=401
.step idx=402
.step idx=403
.step idx=404
.step idx=405
.step idx=406
.step idx=407
.step idx=408
.step idx=409
.step idx=410
.step idx=411
.step idx=412
.step idx=413
.step idx=414
.step idx=415
.step idx=416
.step idx=417
.step idx=418
.step idx=419
.step idx=420
.step idx=421
.step idx=422
.step idx=423
.step idx=424
.step idx=425
.step idx=426
.step idx=427
.step idx=428
.step idx=429
.step idx=430
.step idx=431
.step idx=432
.step idx=433
.step idx=434
.step idx=435
.step idx=436
.step idx=437
.step idx=438
.step idx=439
.step idx=440
.step idx=441
.step idx=442
.step idx=443
.step idx=444
.step idx=445
.step idx=446
.step idx=447
.step idx=448
.step idx=449
.step idx=450
.step idx=451
.step idx=452
.step idx=453
.step idx=454
.step idx=455
.step idx=456
.step idx=457
.step idx=458
.step idx=459
.step idx=460
.step idx=461
.step idx=462
.step idx=463
.step idx=464
.step idx=465
.step idx=466
.step idx=467
.step idx=468
.step idx=469
.step idx=470
.step idx=471
.step idx=472
.step idx=473
.step idx=474
.step idx=475
.step idx=476
.step idx=477
.step idx=478
.step idx=479
.step idx=480
.step idx=481
.step idx=482
.step idx=483
.step idx=484
.step idx=485
.step idx=486
.step idx=487
.step idx=488
.step idx=489
.step idx=490
.step idx=491
.step idx=492
.step idx=493
.step idx=494
.step idx=495
.step idx=496
.step idx=497
.step idx=498
.step idx=499
.step idx=500
.step idx=501
.step idx=502
.step idx=503
.step idx=504
.step idx=505
.step idx=506
.step idx=507
.step idx=508
.step idx=509
.step idx=510
.step idx=511
.step idx=512
.step idx=513
.step idx=514
.step idx=515
.step idx=516
.step idx=517
.step idx=518
.step idx=519
.step idx=520
.step idx=521
.step idx=522
.step idx=523
.step idx=524
.step idx=525
.step idx=526
.step idx=527
.step idx=528
.step idx=529
.step idx=530
.step idx=531
.step idx=532
.step idx=533
.step idx=534
.step idx=535
.step idx=536
.step idx=537
.step idx=538
.step idx=539
.step idx=540
.step idx=541
.step idx=542
.step idx=543
.step idx=544
.step idx=545
.step idx=546
.step idx=547
.step idx=548
.step idx=549
.step idx=550
.step idx=551
.step idx=552
.step idx=553
.step idx=554
.step idx=555
.step idx=556
.step idx=557
.step idx=558
.step idx=559
.step idx=560
.step idx=561
.step idx=562
.step idx=563
.step idx=564
.step idx=565
.step idx=566
.step idx=567
.step idx=568
.step idx=569
.step idx=570
.step idx=571
.step idx=572
.step idx=573
.step idx=574
.step idx=575
.step idx=576
.step idx=577
.step idx=578
.step idx=579
.step idx=580
.step idx=581
.step idx=582
.step idx=583
.step idx=584
.step idx=585
.step idx=586
.step idx=587
.step idx=588
.step idx=589
.step idx=590
.step idx=591
.step idx=592
.step idx=593
.step idx=594
.step idx=595
.step idx=596
.step idx=597
.step idx=598
.step idx=599
.step idx=600
.step idx=601
.step idx=602
.step idx=603
.step idx=604
.step idx=605
.step idx=606
.step idx=607
.step idx=608
.step idx=609
.step idx=610
.step idx=611
.step idx=612
.step idx=613
.step idx=614
.step idx=615
.step idx=616
.step idx=617
.step idx=618
.step idx=619
.step idx=620
.step idx=621
.step idx=622
.step idx=623
.step idx=624
.step idx=625
.step idx=626
.step idx=627
.step idx=628
.step idx=629
.step idx=630
.step idx=631
.step idx=632
.step idx=633
.step idx=634
.step idx=635
.step idx=636
.step idx=637
.step idx=638
.step idx=639
.step idx=640
.step idx=641
.step idx=642
.step idx=643
.step idx=644
.step idx=645
.step idx=646
.step idx=647
Total elapsed time: 26.360 seconds.

Files loaded:
/private/var/folders/7r/frnl9vtn153bhbn6cgk07_2m0000gn/T/cwht-lts.ULiDUw/power_a5.cir

