LTspice 26.0.2 for MacOS
Circuit: /private/var/folders/7r/frnl9vtn153bhbn6cgk07_2m0000gn/T/cwht-lts.tQaqHi/tx_spur_trap.cir
Start Time: Mon Sep 28 18:14:49 2026

.step lt=4.7e-08 qt=60
solver = Normal
Maximum thread count: 14
tnom = 27
temp = 27
method = trap
.OP point found by inspection.
.OP point found by inspection.

.step lt=1e-07 qt=60
.OP point found by inspection.
.OP point found by inspection.

.step lt=2.2e-07 qt=60
.OP point found by inspection.
.OP point found by inspection.

.step lt=4.7e-07 qt=60
.OP point found by inspection.
.OP point found by inspection.

.step lt=1e-06 qt=60
.OP point found by inspection.
.OP point found by inspection.

.step lt=1.5e-06 qt=60
.OP point found by inspection.
.OP point found by inspection.

.step lt=2.2e-06 qt=60
.OP point found by inspection.
.OP point found by inspection.

.step lt=4.7e-08 qt=100
.OP point found by inspection.
.OP point found by inspection.

.step lt=1e-07 qt=100
.OP point found by inspection.
.OP point found by inspection.

.step lt=2.2e-07 qt=100
.OP point found by inspection.
.OP point found by inspection.

.step lt=4.7e-07 qt=100
.OP point found by inspection.
.OP point found by inspection.

.step lt=1e-06 qt=100
.OP point found by inspection.
.OP point found by inspection.

.step lt=1.5e-06 qt=100
.OP point found by inspection.
.OP point found by inspection.

.step lt=2.2e-06 qt=100
.OP point found by inspection.
.OP point found by inspection.
Total elapsed time: 0.184 seconds.

Files loaded:
/private/var/folders/7r/frnl9vtn153bhbn6cgk07_2m0000gn/T/cwht-lts.tQaqHi/tx_spur_trap.cir

