LTspice 26.0.2 for MacOS
Circuit: /private/var/folders/7r/frnl9vtn153bhbn6cgk07_2m0000gn/T/cwht-lts.iuSgBX/tx_spur_c7_iso.cir
Start Time: Mon Sep 28 18:11:59 2026

.step rser=0.001 rsrc=25 cpad=1e-12
solver = Normal
Maximum thread count: 14
tnom = 27
temp = 27
method = trap
C1I: Increased Cpar to 1.8e-17
C2I: Increased Cpar to 1.8e-17
CtI: Increased Cpar to 1e-16
C1G: Increased Cpar to 1.8e-17
C2G: Increased Cpar to 1.8e-17
CtG: Increased Cpar to 1e-16
.OP point found by inspection.
.OP point found by inspection.

.step rser=47 rsrc=25 cpad=1e-12
.OP point found by inspection.
.OP point found by inspection.

.step rser=100 rsrc=25 cpad=1e-12
.OP point found by inspection.
.OP point found by inspection.

.step rser=150 rsrc=25 cpad=1e-12
.OP point found by inspection.
.OP point found by inspection.

.step rser=220 rsrc=25 cpad=1e-12
.OP point found by inspection.
.OP point found by inspection.

.step rser=330 rsrc=25 cpad=1e-12
.OP point found by inspection.
.OP point found by inspection.

.step rser=0.001 rsrc=50 cpad=1e-12
.OP point found by inspection.
.OP point found by inspection.

.step rser=47 rsrc=50 cpad=1e-12
.OP point found by inspection.
.OP point found by inspection.

.step rser=100 rsrc=50 cpad=1e-12
.OP point found by inspection.
.OP point found by inspection.

.step rser=150 rsrc=50 cpad=1e-12
.OP point found by inspection.
.OP point found by inspection.

.step rser=220 rsrc=50 cpad=1e-12
.OP point found by inspection.
.OP point found by inspection.

.step rser=330 rsrc=50 cpad=1e-12
.OP point found by inspection.
.OP point found by inspection.

.step rser=0.001 rsrc=25 cpad=3e-12
.OP point found by inspection.
.OP point found by inspection.

.step rser=47 rsrc=25 cpad=3e-12
.OP point found by inspection.
.OP point found by inspection.

.step rser=100 rsrc=25 cpad=3e-12
.OP point found by inspection.
.OP point found by inspection.

.step rser=150 rsrc=25 cpad=3e-12
.OP point found by inspection.
.OP point found by inspection.

.step rser=220 rsrc=25 cpad=3e-12
.OP point found by inspection.
.OP point found by inspection.

.step rser=330 rsrc=25 cpad=3e-12
.OP point found by inspection.
.OP point found by inspection.

.step rser=0.001 rsrc=50 cpad=3e-12
.OP point found by inspection.
.OP point found by inspection.

.step rser=47 rsrc=50 cpad=3e-12
.OP point found by inspection.
.OP point found by inspection.

.step rser=100 rsrc=50 cpad=3e-12
.OP point found by inspection.
.OP point found by inspection.

.step rser=150 rsrc=50 cpad=3e-12
.OP point found by inspection.
.OP point found by inspection.

.step rser=220 rsrc=50 cpad=3e-12
.OP point found by inspection.
.OP point found by inspection.

.step rser=330 rsrc=50 cpad=3e-12
.OP point found by inspection.
.OP point found by inspection.
Total elapsed time: 0.247 seconds.

Files loaded:
/private/var/folders/7r/frnl9vtn153bhbn6cgk07_2m0000gn/T/cwht-lts.iuSgBX/tx_spur_c7_iso.cir

