LTspice 26.0.2 for MacOS
Circuit: /private/var/folders/7r/frnl9vtn153bhbn6cgk07_2m0000gn/T/cwht-lts.DGOKif/bpf_2p3p3_bw6.net
Start Time: Mon Sep 28 17:52:53 2026
Options:plotwinsize=0 numdgt=15

.step qu=100
solver = Normal
Maximum thread count: 14
tnom = 27
temp = 27
method = trap
.OP point found by inspection.
.OP point found by inspection.

.step qu=120
.OP point found by inspection.
.OP point found by inspection.

.step qu=150
.OP point found by inspection.
.OP point found by inspection.

.step qu=200
.OP point found by inspection.
.OP point found by inspection.
Total elapsed time: 0.122 seconds.

Files loaded:
/private/var/folders/7r/frnl9vtn153bhbn6cgk07_2m0000gn/T/cwht-lts.DGOKif/bpf_2p3p3_bw6.net

